Archive member included to satisfy reference by file (symbol)

/home/aaron4500/Documentos/MCUXpresso_25.6.136/CMSISv2p00_LPC17xx/Debug/libCMSISv2p00_LPC17xx.a(system_LPC17xx.o)
                              ./src/cr_startup_lpc175x_6x.o (SystemInit)
/usr/local/mcuxpressoide-25.6.136/ide/plugins/com.nxp.mcuxpresso.tools.linux_25.6.0.202501151204/tools/bin/../lib/gcc/arm-none-eabi/14.2.1/../../../../arm-none-eabi/lib/thumb/v7-m/nofp/libcr_semihost.a(_cr__main.o)
                              ./src/cr_startup_lpc175x_6x.o (__main)
/usr/local/mcuxpressoide-25.6.136/ide/plugins/com.nxp.mcuxpresso.tools.linux_25.6.0.202501151204/tools/bin/../lib/gcc/arm-none-eabi/14.2.1/../../../../arm-none-eabi/lib/thumb/v7-m/nofp/libcr_c.a(initio.o)
                              /usr/local/mcuxpressoide-25.6.136/ide/plugins/com.nxp.mcuxpresso.tools.linux_25.6.0.202501151204/tools/bin/../lib/gcc/arm-none-eabi/14.2.1/../../../../arm-none-eabi/lib/thumb/v7-m/nofp/libcr_semihost.a(_cr__main.o) (_initio)
/usr/local/mcuxpressoide-25.6.136/ide/plugins/com.nxp.mcuxpresso.tools.linux_25.6.0.202501151204/tools/bin/../lib/gcc/arm-none-eabi/14.2.1/../../../../arm-none-eabi/lib/thumb/v7-m/nofp/libcr_c.a(setvbuf.o)
                              /usr/local/mcuxpressoide-25.6.136/ide/plugins/com.nxp.mcuxpresso.tools.linux_25.6.0.202501151204/tools/bin/../lib/gcc/arm-none-eabi/14.2.1/../../../../arm-none-eabi/lib/thumb/v7-m/nofp/libcr_c.a(initio.o) (setvbuf)
/usr/local/mcuxpressoide-25.6.136/ide/plugins/com.nxp.mcuxpresso.tools.linux_25.6.0.202501151204/tools/bin/../lib/gcc/arm-none-eabi/14.2.1/../../../../arm-none-eabi/lib/thumb/v7-m/nofp/libcr_c.a(_fdopen.o)
                              /usr/local/mcuxpressoide-25.6.136/ide/plugins/com.nxp.mcuxpresso.tools.linux_25.6.0.202501151204/tools/bin/../lib/gcc/arm-none-eabi/14.2.1/../../../../arm-none-eabi/lib/thumb/v7-m/nofp/libcr_c.a(initio.o) (_fdopen)
/usr/local/mcuxpressoide-25.6.136/ide/plugins/com.nxp.mcuxpresso.tools.linux_25.6.0.202501151204/tools/bin/../lib/gcc/arm-none-eabi/14.2.1/../../../../arm-none-eabi/lib/thumb/v7-m/nofp/libcr_c.a(fclose.o)
                              /usr/local/mcuxpressoide-25.6.136/ide/plugins/com.nxp.mcuxpresso.tools.linux_25.6.0.202501151204/tools/bin/../lib/gcc/arm-none-eabi/14.2.1/../../../../arm-none-eabi/lib/thumb/v7-m/nofp/libcr_c.a(initio.o) (fclose)
/usr/local/mcuxpressoide-25.6.136/ide/plugins/com.nxp.mcuxpresso.tools.linux_25.6.0.202501151204/tools/bin/../lib/gcc/arm-none-eabi/14.2.1/../../../../arm-none-eabi/lib/thumb/v7-m/nofp/libcr_c.a(fflush.o)
                              /usr/local/mcuxpressoide-25.6.136/ide/plugins/com.nxp.mcuxpresso.tools.linux_25.6.0.202501151204/tools/bin/../lib/gcc/arm-none-eabi/14.2.1/../../../../arm-none-eabi/lib/thumb/v7-m/nofp/libcr_c.a(fclose.o) (fflush)
/usr/local/mcuxpressoide-25.6.136/ide/plugins/com.nxp.mcuxpresso.tools.linux_25.6.0.202501151204/tools/bin/../lib/gcc/arm-none-eabi/14.2.1/../../../../arm-none-eabi/lib/thumb/v7-m/nofp/libcr_c.a(fseek.o)
                              /usr/local/mcuxpressoide-25.6.136/ide/plugins/com.nxp.mcuxpresso.tools.linux_25.6.0.202501151204/tools/bin/../lib/gcc/arm-none-eabi/14.2.1/../../../../arm-none-eabi/lib/thumb/v7-m/nofp/libcr_c.a(_fdopen.o) (fseek)
/usr/local/mcuxpressoide-25.6.136/ide/plugins/com.nxp.mcuxpresso.tools.linux_25.6.0.202501151204/tools/bin/../lib/gcc/arm-none-eabi/14.2.1/../../../../arm-none-eabi/lib/thumb/v7-m/nofp/libcr_c.a(ftell.o)
                              /usr/local/mcuxpressoide-25.6.136/ide/plugins/com.nxp.mcuxpresso.tools.linux_25.6.0.202501151204/tools/bin/../lib/gcc/arm-none-eabi/14.2.1/../../../../arm-none-eabi/lib/thumb/v7-m/nofp/libcr_c.a(fseek.o) (ftell)
/usr/local/mcuxpressoide-25.6.136/ide/plugins/com.nxp.mcuxpresso.tools.linux_25.6.0.202501151204/tools/bin/../lib/gcc/arm-none-eabi/14.2.1/../../../../arm-none-eabi/lib/thumb/v7-m/nofp/libcr_c.a(remove.o)
                              /usr/local/mcuxpressoide-25.6.136/ide/plugins/com.nxp.mcuxpresso.tools.linux_25.6.0.202501151204/tools/bin/../lib/gcc/arm-none-eabi/14.2.1/../../../../arm-none-eabi/lib/thumb/v7-m/nofp/libcr_c.a(fclose.o) (remove)
/usr/local/mcuxpressoide-25.6.136/ide/plugins/com.nxp.mcuxpresso.tools.linux_25.6.0.202501151204/tools/bin/../lib/gcc/arm-none-eabi/14.2.1/../../../../arm-none-eabi/lib/thumb/v7-m/nofp/libcr_c.a(strlen.o)
                              /usr/local/mcuxpressoide-25.6.136/ide/plugins/com.nxp.mcuxpresso.tools.linux_25.6.0.202501151204/tools/bin/../lib/gcc/arm-none-eabi/14.2.1/../../../../arm-none-eabi/lib/thumb/v7-m/nofp/libcr_c.a(remove.o) (strlen)
/usr/local/mcuxpressoide-25.6.136/ide/plugins/com.nxp.mcuxpresso.tools.linux_25.6.0.202501151204/tools/bin/../lib/gcc/arm-none-eabi/14.2.1/../../../../arm-none-eabi/lib/thumb/v7-m/nofp/libcr_c.a(memset.o)
[...]
Memory Configuration

Name             Origin             Length             Attributes
MFlash512        0x00000000         0x00080000         xr
RamLoc32         0x10000000         0x00008000         xrw
RamAHB32         0x2007c000         0x00008000         xrw
*default*        0x00000000         0xffffffff

Linker script and memory map

LOAD ./src/clase_26-3.o
LOAD ./src/cr_startup_lpc175x_6x.o
LOAD ./src/crp.o
LOAD /home/aaron4500/Documentos/MCUXpresso_25.6.136/CMSISv2p00_LPC17xx/Debug/libCMSISv2p00_LPC17xx.a
START GROUP
LOAD /usr/local/mcuxpressoide-25.6.136/ide/plugins/com.nxp.mcuxpresso.tools.linux_25.6.0.202501151204/tools/bin/../lib/gcc/arm-none-eabi/14.2.1/../../../../arm-none-eabi/lib/thumb/v7-m/nofp/libcr_semihost.a
LOAD /usr/local/mcuxpressoide-25.6.136/ide/plugins/com.nxp.mcuxpresso.tools.linux_25.6.0.202501151204/tools/bin/../lib/gcc/arm-none-eabi/14.2.1/../../../../arm-none-eabi/lib/thumb/v7-m/nofp/libcr_c.a
LOAD /usr/local/mcuxpressoide-25.6.136/ide/plugins/com.nxp.mcuxpresso.tools.linux_25.6.0.202501151204/tools/bin/../lib/gcc/arm-none-eabi/14.2.1/thumb/v7-m/nofp/libcr_eabihelpers.a
LOAD /usr/local/mcuxpressoide-25.6.136/ide/plugins/com.nxp.mcuxpresso.tools.linux_25.6.0.202501151204/tools/bin/../lib/gcc/arm-none-eabi/14.2.1/thumb/v7-m/nofp/libgcc.a
END GROUP
                0x00000000                        __base_MFlash512 = 0x0
                0x00000000                        __base_Flash = 0x0
                0x00080000                        __top_MFlash512 = 0x80000
                0x00080000                        __top_Flash = 0x80000
                0x10000000                        __base_RamLoc32 = 0x10000000
                0x10000000                        __base_RAM = 0x10000000
                0x10008000                        __top_RamLoc32 = 0x10008000
                0x10008000                        __top_RAM = 0x10008000
                0x2007c000                        __base_RamAHB32 = 0x2007c000
                0x2007c000                        __base_RAM2 = 0x2007c000
                0x20084000                        __top_RamAHB32 = 0x20084000
                0x20084000                        __top_RAM2 = 0x20084000

.text           0x00000000      0xb3c
 FILL mask 0xff
                0x00000000                        __vectors_start__ = ABSOLUTE (.)
 *(.isr_vector)
 .isr_vector    0x00000000       0xcc ./src/cr_startup_lpc175x_6x.o
                0x00000000                g_pfnVectors
                0x000000cc                        . = ALIGN (0x4)
                0x000000cc                        __section_table_start = .
                0x000000cc                        __data_section_table = .
                0x000000cc        0x4 LONG 0xb3c LOADADDR (.data)
                0x000000d0        0x4 LONG 0x10000000 ADDR (.data)
                0x000000d4        0x4 LONG 0x0 SIZEOF (.data)
                0x000000d8        0x4 LONG 0xb3c LOADADDR (.data_RAM2)
                0x000000dc        0x4 LONG 0x2007c000 ADDR (.data_RAM2)
                0x000000e0        0x4 LONG 0x0 SIZEOF (.data_RAM2)
                0x000000e4                        __data_section_table_end = .
                0x000000e4                        __bss_section_table = .
                0x000000e4        0x4 LONG 0x10000000 ADDR (.bss)
                0x000000e8        0x4 LONG 0x1e8 SIZEOF (.bss)
                0x000000ec        0x4 LONG 0x2007c000 ADDR (.bss_RAM2)
                0x000000f0        0x4 LONG 0x0 SIZEOF (.bss_RAM2)
                0x000000f4                        __bss_section_table_end = .
                0x000000f4                        __section_table_end = .
 *(.after_vectors*)
 .after_vectors
                0x000000f4      0x148 ./src/cr_startup_lpc175x_6x.o
                0x000000f4                data_init
                0x00000138                bss_init
                0x00000170                ResetISR
                0x000001ec                NMI_Handler
                0x000001f4                HardFault_Handler
                0x000001fc                MemManage_Handler
                0x00000204                BusFault_Handler
                0x0000020c                UsageFault_Handler
                0x00000214                SVC_Handler
                0x0000021c                DebugMon_Handler
                0x00000224                PendSV_Handler
                0x00000234                TIMER2_IRQHandler
                0x00000234                RIT_IRQHandler
                0x00000234                I2C0_IRQHandler
                0x00000234                USBActivity_IRQHandler
                0x00000234                PWM1_IRQHandler
                0x00000234                I2C1_IRQHandler
                0x00000234                EINT2_IRQHandler
                0x00000234                UART1_IRQHandler
                0x00000234                EINT3_IRQHandler
                0x00000234                CANActivity_IRQHandler
                0x00000234                TIMER3_IRQHandler
                0x00000234                UART0_IRQHandler
                0x00000234                IntDefaultHandler
                0x00000234                PLL0_IRQHandler
                0x00000234                CAN_IRQHandler
                0x00000234                PLL1_IRQHandler
                0x00000234                SSP0_IRQHandler
                0x00000234                I2S_IRQHandler
                0x00000234                I2C2_IRQHandler
                0x00000234                RTC_IRQHandler
                0x00000234                TIMER0_IRQHandler
                0x00000234                SPI_IRQHandler
                0x00000234                EINT1_IRQHandler
                0x00000234                TIMER1_IRQHandler
                0x00000234                UART2_IRQHandler
                0x00000234                ADC_IRQHandler
                0x00000234                SSP1_IRQHandler
                0x00000234                USB_IRQHandler
                0x00000234                BOD_IRQHandler
                0x00000234                WDT_IRQHandler
                0x00000234                QEI_IRQHandler
                0x00000234                EINT0_IRQHandler
                0x00000234                DMA_IRQHandler
                0x00000234                UART3_IRQHandler
                0x00000234                MCPWM_IRQHandler
                0x00000234                ENET_IRQHandler
                0x000002fc                        . = 0x2fc
 *fill*         0x0000023c       0xc0 ff
                0x000002fc                        PROVIDE (__CRP_WORD_START__ = .)
 *(.crp)
 .crp           0x000002fc        0x4 ./src/crp.o
                0x000002fc                CRP_WORD
                0x00000300                        PROVIDE (__CRP_WORD_END__ = .)
                0x00000001                        ASSERT (! ((__CRP_WORD_START__ == __CRP_WORD_END__)), Linker CRP Enabled, but no CRP_WORD provided within application)
 *(.text*)
 .text.main     0x00000300       0x10 ./src/clase_26-3.o
                0x00000300                main
 .text.SysTick_Handler
                0x00000310       0xa4 ./src/clase_26-3.o
                0x00000310                SysTick_Handler
 .text.conf_pcb
                0x000003b4       0xe0 ./src/clase_26-3.o
                0x000003b4                conf_pcb
 .text.SystemInit
                0x00000494      0x140 /home/aaron4500/Documentos/MCUXpresso_25.6.136/CMSISv2p00_LPC17xx/Debug/libCMSISv2p00_LPC17xx.a(system_LPC17xx.o)
                0x00000494                SystemInit
 .text.__main   0x000005d4        0xe /usr/local/mcuxpressoide-25.6.136/ide/plugins/com.nxp.mcuxpresso.tools.linux_25.6.0.202501151204/tools/bin/../lib/gcc/arm-none-eabi/14.2.1/../../../../arm-none-eabi/lib/thumb/v7-m/nofp/libcr_semihost.a(_cr__main.o)
                0x000005d4                __main
                0x000005d4                __CR_SEMIHOST
 *fill*         0x000005e2        0x2 ff
 .text._initio  0x000005e4       0x78 /usr/local/mcuxpressoide-25.6.136/ide/plugins/com.nxp.mcuxpresso.tools.linux_25.6.0.202501151204/tools/bin/../lib/gcc/arm-none-eabi/14.2.1/../../../../arm-none-eabi/lib/thumb/v7-m/nofp/libcr_c.a(initio.o)
                0x000005e4                _initio
 .text.setvbuf  0x0000065c       0x3e /usr/local/mcuxpressoide-25.6.136/ide/plugins/com.nxp.mcuxpresso.tools.linux_25.6.0.202501151204/tools/bin/../lib/gcc/arm-none-eabi/14.2.1/../../../../arm-none-eabi/lib/thumb/v7-m/nofp/libcr_c.a(setvbuf.o)
                0x0000065c                setvbuf
 .text._fdopen  0x0000069a       0x68 /usr/local/mcuxpressoide-25.6.136/ide/plugins/com.nxp.mcuxpresso.tools.linux_25.6.0.202501151204/tools/bin/../lib/gcc/arm-none-eabi/14.2.1/../../../../arm-none-eabi/lib/thumb/v7-m/nofp/libcr_c.a(_fdopen.o)
                0x0000069a                _fdopen
 .text.fclose   0x00000702       0x58 /usr/local/mcuxpressoide-25.6.136/ide/plugins/com.nxp.mcuxpresso.tools.linux_25.6.0.202501151204/tools/bin/../lib/gcc/arm-none-eabi/14.2.1/../../../../arm-none-eabi/lib/thumb/v7-m/nofp/libcr_c.a(fclose.o)
                0x00000702                fclose
 *fill*         0x0000075a        0x2 ff
 .text.fflush   0x0000075c       0x3c /usr/local/mcuxpressoide-25.6.136/ide/plugins/com.nxp.mcuxpresso.tools.linux_25.6.0.202501151204/tools/bin/../lib/gcc/arm-none-eabi/14.2.1/../../../../arm-none-eabi/lib/thumb/v7-m/nofp/libcr_c.a(fflush.o)
                0x0000075c                fflush
 .text.fseek    0x00000798       0xf8 /usr/local/mcuxpressoide-25.6.136/ide/plugins/com.nxp.mcuxpresso.tools.linux_25.6.0.202501151204/tools/bin/../lib/gcc/arm-none-eabi/14.2.1/../../../../arm-none-eabi/lib/thumb/v7-m/nofp/libcr_c.a(fseek.o)
                0x00000798                fseek
 .text.ftell    0x00000890       0x44 /usr/local/mcuxpressoide-25.6.136/ide/plugins/com.nxp.mcuxpresso.tools.linux_25.6.0.202501151204/tools/bin/../lib/gcc/arm-none-eabi/14.2.1/../../../../arm-none-eabi/lib/thumb/v7-m/nofp/libcr_c.a(ftell.o)
                0x00000890                ftell
 .text.remove   0x000008d4       0x14 /usr/local/mcuxpressoide-25.6.136/ide/plugins/com.nxp.mcuxpresso.tools.linux_25.6.0.202501151204/tools/bin/../lib/gcc/arm-none-eabi/14.2.1/../../../../arm-none-eabi/lib/thumb/v7-m/nofp/libcr_c.a(remove.o)
                0x000008d4                remove
 .text.strlen   0x000008e8       0x4e /usr/local/mcuxpressoide-25.6.136/ide/plugins/com.nxp.mcuxpresso.tools.linux_25.6.0.202501151204/tools/bin/../lib/gcc/arm-none-eabi/14.2.1/../../../../arm-none-eabi/lib/thumb/v7-m/nofp/libcr_c.a(strlen.o)
                0x000008e8                strlen
 .text.memset   0x00000936        0x4 /usr/local/mcuxpressoide-25.6.136/ide/plugins/com.nxp.mcuxpresso.tools.linux_25.6.0.202501151204/tools/bin/../lib/gcc/arm-none-eabi/14.2.1/../../../../arm-none-eabi/lib/thumb/v7-m/nofp/libcr_c.a(memset.o)
                0x00000936                memset
 .text._do_fflush
                0x0000093a       0x40 /usr/local/mcuxpressoide-25.6.136/ide/plugins/com.nxp.mcuxpresso.tools.linux_25.6.0.202501151204/tools/bin/../lib/gcc/arm-none-eabi/14.2.1/../../../../arm-none-eabi/lib/thumb/v7-m/nofp/libcr_c.a(_do_fflush.o)
                0x0000093a                _do_fflush
 .text._fflush  0x0000097a       0x52 /usr/local/mcuxpressoide-25.6.136/ide/plugins/com.nxp.mcuxpresso.tools.linux_25.6.0.202501151204/tools/bin/../lib/gcc/arm-none-eabi/14.2.1/../../../../arm-none-eabi/lib/thumb/v7-m/nofp/libcr_c.a(_fflush.o)
                0x0000097a                _fflush
 .text._Cwritebuf
                0x000009cc       0x70 /usr/local/mcuxpressoide-25.6.136/ide/plugins/com.nxp.mcuxpresso.tools.linux_25.6.0.202501151204/tools/bin/../lib/gcc/arm-none-eabi/14.2.1/../../../../arm-none-eabi/lib/thumb/v7-m/nofp/libcr_c.a(_writebuf.o)
                0x000009cc                _Cwritebuf
 .text.free     0x00000a3c       0x30 /usr/local/mcuxpressoide-25.6.136/ide/plugins/com.nxp.mcuxpresso.tools.linux_25.6.0.202501151204/tools/bin/../lib/gcc/arm-none-eabi/14.2.1/../../../../arm-none-eabi/lib/thumb/v7-m/nofp/libcr_c.a(alloc.o)
                0x00000a3c                free
 .text._deferredlazyseek
                0x00000a6c       0x40 /usr/local/mcuxpressoide-25.6.136/ide/plugins/com.nxp.mcuxpresso.tools.linux_25.6.0.202501151204/tools/bin/../lib/gcc/arm-none-eabi/14.2.1/../../../../arm-none-eabi/lib/thumb/v7-m/nofp/libcr_c.a(_deferredlazyseek.o)
                0x00000a6c                _deferredlazyseek
 .text.__aeabi_memset_lowlevel
                0x00000aac       0x32 /usr/local/mcuxpressoide-25.6.136/ide/plugins/com.nxp.mcuxpresso.tools.linux_25.6.0.202501151204/tools/bin/../lib/gcc/arm-none-eabi/14.2.1/thumb/v7-m/nofp/libcr_eabihelpers.a(memcpy.o)
                0x00000aac                __aeabi_lowlevel_memset
 .text.__sys_close
                0x00000ade        0xc /usr/local/mcuxpressoide-25.6.136/ide/plugins/com.nxp.mcuxpresso.tools.linux_25.6.0.202501151204/tools/bin/../lib/gcc/arm-none-eabi/14.2.1/../../../../arm-none-eabi/lib/thumb/v7-m/nofp/libcr_semihost.a(__sys_close.o)
                0x00000ade                __sys_close
 .text.__sys_flen
                0x00000aea        0xc /usr/local/mcuxpressoide-25.6.136/ide/plugins/com.nxp.mcuxpresso.tools.linux_25.6.0.202501151204/tools/bin/../lib/gcc/arm-none-eabi/14.2.1/../../../../arm-none-eabi/lib/thumb/v7-m/nofp/libcr_semihost.a(__sys_flen.o)
                0x00000aea                __sys_flen
 .text.__sys_istty
                0x00000af6        0xc /usr/local/mcuxpressoide-25.6.136/ide/plugins/com.nxp.mcuxpresso.tools.linux_25.6.0.202501151204/tools/bin/../lib/gcc/arm-none-eabi/14.2.1/../../../../arm-none-eabi/lib/thumb/v7-m/nofp/libcr_semihost.a(__sys_istty.o)
                0x00000af6                __sys_istty
 .text.__sys_remove
                0x00000b02        0xc /usr/local/mcuxpressoide-25.6.136/ide/plugins/com.nxp.mcuxpresso.tools.linux_25.6.0.202501151204/tools/bin/../lib/gcc/arm-none-eabi/14.2.1/../../../../arm-none-eabi/lib/thumb/v7-m/nofp/libcr_semihost.a(__sys_remove.o)
                0x00000b02                __sys_remove
 .text.__sys_seek
                0x00000b0e        0xc /usr/local/mcuxpressoide-25.6.136/ide/plugins/com.nxp.mcuxpresso.tools.linux_25.6.0.202501151204/tools/bin/../lib/gcc/arm-none-eabi/14.2.1/../../../../arm-none-eabi/lib/thumb/v7-m/nofp/libcr_semihost.a(__sys_seek.o)
                0x00000b0e                __sys_seek
 .text.__sys_tmpnam
                0x00000b1a        0xc /usr/local/mcuxpressoide-25.6.136/ide/plugins/com.nxp.mcuxpresso.tools.linux_25.6.0.202501151204/tools/bin/../lib/gcc/arm-none-eabi/14.2.1/../../../../arm-none-eabi/lib/thumb/v7-m/nofp/libcr_semihost.a(__sys_tmpnam.o)
                0x00000b1a                __sys_tmpnam
 .text.__sys_write
                0x00000b26        0xc /usr/local/mcuxpressoide-25.6.136/ide/plugins/com.nxp.mcuxpresso.tools.linux_25.6.0.202501151204/tools/bin/../lib/gcc/arm-none-eabi/14.2.1/../../../../arm-none-eabi/lib/thumb/v7-m/nofp/libcr_semihost.a(__sys_write.o)
                0x00000b26                __sys_write
 *(.rodata .rodata.* .constdata .constdata.*)
 .rodata._initio.str1.1
                0x00000b32        0x4 /usr/local/mcuxpressoide-25.6.136/ide/plugins/com.nxp.mcuxpresso.tools.linux_25.6.0.202501151204/tools/bin/../lib/gcc/arm-none-eabi/14.2.1/../../../../arm-none-eabi/lib/thumb/v7-m/nofp/libcr_c.a(initio.o)
 *fill*         0x00000b36        0x2 ff
 .rodata.__num_Ciob_streams
                0x00000b38        0x4 /usr/local/mcuxpressoide-25.6.136/ide/plugins/com.nxp.mcuxpresso.tools.linux_25.6.0.202501151204/tools/bin/../lib/gcc/arm-none-eabi/14.2.1/../../../../arm-none-eabi/lib/thumb/v7-m/nofp/libcr_semihost.a(__ciob.o)
                0x00000b38                __num_Ciob_streams
                0x00000b3c                        . = ALIGN (0x4)

.glue_7         0x00000b3c        0x0
 .glue_7        0x00000b3c        0x0 linker stubs

.glue_7t        0x00000b3c        0x0
 .glue_7t       0x00000b3c        0x0 linker stubs

.vfp11_veneer   0x00000b3c        0x0
 .vfp11_veneer  0x00000b3c        0x0 linker stubs

.v4_bx          0x00000b3c        0x0
 .v4_bx         0x00000b3c        0x0 linker stubs

.iplt           0x00000b3c        0x0
 .iplt          0x00000b3c        0x0 ./src/clase_26-3.o

.rel.dyn        0x00000b3c        0x0
 .rel.iplt      0x00000b3c        0x0 ./src/clase_26-3.o

.ARM.extab
 *(.ARM.extab* .gnu.linkonce.armextab.*)

.ARM.exidx      0x00000b3c        0x0
                0x00000b3c                        __exidx_start = .
 *(.ARM.exidx* .gnu.linkonce.armexidx.*)
                0x00000b3c                        __exidx_end = .
                0x00000b3c                        _etext = .

.data_RAM2      0x2007c000        0x0 load address 0x00000b3c
 FILL mask 0xff
                [!provide]                        PROVIDE (__start_data_RAM2 = .)
                [!provide]                        PROVIDE (__start_data_RamAHB32 = .)
 *(.ramfunc.$RAM2)
 *(.ramfunc.$RamAHB32)
 *(.data.$RAM2)
 *(.data.$RamAHB32)
 *(.data.$RAM2.*)
 *(.data.$RamAHB32.*)
                0x2007c000                        . = ALIGN (0x4)
                [!provide]                        PROVIDE (__end_data_RAM2 = .)
                [!provide]                        PROVIDE (__end_data_RamAHB32 = .)

.uninit_RESERVED
                0x10000000        0x0
                0x10000000                        _start_uninit_RESERVED = .
 *(.bss.$RESERVED*)
                0x10000000                        . = ALIGN (0x4)
                0x10000000                        _end_uninit_RESERVED = .

.data           0x10000000        0x0 load address 0x00000b3c
 FILL mask 0xff
                0x10000000                        _data = .
                [!provide]                        PROVIDE (__start_data_RAM = .)
                [!provide]                        PROVIDE (__start_data_RamLoc32 = .)
 *(vtable)
 *(.ramfunc*)
 *(CodeQuickAccess)
 *(DataQuickAccess)
 *(RamFunction)
 *(.data*)
                0x10000000                        . = ALIGN (0x4)
                0x10000000                        _edata = .
                [!provide]                        PROVIDE (__end_data_RAM = .)
                [!provide]                        PROVIDE (__end_data_RamLoc32 = .)

.igot.plt       0x10000000        0x0 load address 0x00000b3c
 .igot.plt      0x10000000        0x0 ./src/clase_26-3.o

.bss_RAM2       0x2007c000        0x0
                [!provide]                        PROVIDE (__start_bss_RAM2 = .)
                [!provide]                        PROVIDE (__start_bss_RamAHB32 = .)
 *(.bss.$RAM2)
 *(.bss.$RamAHB32)
 *(.bss.$RAM2.*)
 *(.bss.$RamAHB32.*)
                0x2007c000                        . = ALIGN ((. != 0x0)?0x4:0x1)
                [!provide]                        PROVIDE (__end_bss_RAM2 = .)
                [!provide]                        PROVIDE (__end_bss_RamAHB32 = .)

.bss            0x10000000      0x1e8
                0x10000000                        _bss = .
                [!provide]                        PROVIDE (__start_bss_RAM = .)
                [!provide]                        PROVIDE (__start_bss_RamLoc32 = .)
 *(.bss*)
 .bss.ticks.1   0x10000000        0x1 ./src/clase_26-3.o
 .bss.estado.0  0x10000001        0x1 ./src/clase_26-3.o
 *fill*         0x10000002        0x2 
 .bss.errno     0x10000004        0x4 /usr/local/mcuxpressoide-25.6.136/ide/plugins/com.nxp.mcuxpresso.tools.linux_25.6.0.202501151204/tools/bin/../lib/gcc/arm-none-eabi/14.2.1/../../../../arm-none-eabi/lib/thumb/v7-m/nofp/libcr_c.a(errno.o)
                0x10000004                errno
 .bss.__Ciob    0x10000008      0x1e0 /usr/local/mcuxpressoide-25.6.136/ide/plugins/com.nxp.mcuxpresso.tools.linux_25.6.0.202501151204/tools/bin/../lib/gcc/arm-none-eabi/14.2.1/../../../../arm-none-eabi/lib/thumb/v7-m/nofp/libcr_semihost.a(__ciob.o)
                0x10000008                __Ciob
 *(COMMON)
                0x100001e8                        . = ALIGN (0x4)
                0x100001e8                        _ebss = .
                [!provide]                        PROVIDE (__end_bss_RAM = .)
                [!provide]                        PROVIDE (__end_bss_RamLoc32 = .)
                [!provide]                        PROVIDE (end = .)

.noinit_RAM2    0x2007c000        0x0
                [!provide]                        PROVIDE (__start_noinit_RAM2 = .)
                [!provide]                        PROVIDE (__start_noinit_RamAHB32 = .)
 *(.noinit.$RAM2)
 *(.noinit.$RamAHB32)
 *(.noinit.$RAM2.*)
 *(.noinit.$RamAHB32.*)
                0x2007c000                        . = ALIGN (0x4)
                [!provide]                        PROVIDE (__end_noinit_RAM2 = .)
                [!provide]                        PROVIDE (__end_noinit_RamAHB32 = .)

.noinit         0x100001e8        0x0
                0x100001e8                        _noinit = .
                [!provide]                        PROVIDE (__start_noinit_RAM = .)
                [!provide]                        PROVIDE (__start_noinit_RamLoc32 = .)
 *(.noinit*)
                0x100001e8                        . = ALIGN (0x4)
                0x100001e8                        _end_noinit = .
                [!provide]                        PROVIDE (__end_noinit_RAM = .)
                [!provide]                        PROVIDE (__end_noinit_RamLoc32 = .)
                0x100001e8                        PROVIDE (_pvHeapStart = DEFINED (__user_heap_base)?__user_heap_base:.)
                0x10008000                        PROVIDE (_vStackTop = DEFINED (__user_stack_top)?__user_stack_top:(__top_RamLoc32 - 0x0))
                0xefff749e                        PROVIDE (__valid_user_code_checksum = (0x0 - ((((((_vStackTop + (ResetISR + 0x1)) + (NMI_Handler + 0x1)) + (HardFault_Handler + 0x1)) + (DEFINED (MemManage_Handler)?MemManage_Handler:0x0 + 0x1)) + (DEFINED (BusFault_Handler)?BusFault_Handler:0x0 + 0x1)) + (DEFINED (UsageFault_Handler)?UsageFault_Handler:0x0 + 0x1))))
                0x00000000                        _image_start = LOADADDR (.text)
                0x00000b3c                        _image_end = (LOADADDR (.data) + SIZEOF (.data))
                0x00000b3c                        _image_size = (_image_end - _image_start)
OUTPUT(clase_26-3.axf elf32-littlearm)
LOAD linker stubs

.debug_info     0x00000000     0x3213
 .debug_info    0x00000000      0x5ee ./src/clase_26-3.o
 .debug_info    0x000005ee      0x2a5 ./src/cr_startup_lpc175x_6x.o
 .debug_info    0x00000893       0x40 ./src/crp.o
 .debug_info    0x000008d3      0x327 /home/aaron4500/Documentos/MCUXpresso_25.6.136/CMSISv2p00_LPC17xx/Debug/libCMSISv2p00_LPC17xx.a(system_LPC17xx.o)
 .debug_info    0x00000bfa       0x85 /usr/local/mcuxpressoide-25.6.136/ide/plugins/com.nxp.mcuxpresso.tools.linux_25.6.0.202501151204/tools/bin/../lib/gcc/arm-none-eabi/14.2.1/../../../../arm-none-eabi/lib/thumb/v7-m/nofp/libcr_semihost.a(_cr__main.o)
 .debug_info    0x00000c7f      0x339 /usr/local/mcuxpressoide-25.6.136/ide/plugins/com.nxp.mcuxpresso.tools.linux_25.6.0.202501151204/tools/bin/../lib/gcc/arm-none-eabi/14.2.1/../../../../arm-none-eabi/lib/thumb/v7-m/nofp/libcr_c.a(initio.o)
 .debug_info    0x00000fb8      0x1fd /usr/local/mcuxpressoide-25.6.136/ide/plugins/com.nxp.mcuxpresso.tools.linux_25.6.0.202501151204/tools/bin/../lib/gcc/arm-none-eabi/14.2.1/../../../../arm-none-eabi/lib/thumb/v7-m/nofp/libcr_c.a(setvbuf.o)
 .debug_info    0x000011b5      0x24b /usr/local/mcuxpressoide-25.6.136/ide/plugins/com.nxp.mcuxpresso.tools.linux_25.6.0.202501151204/tools/bin/../lib/gcc/arm-none-eabi/14.2.1/../../../../arm-none-eabi/lib/thumb/v7-m/nofp/libcr_c.a(_fdopen.o)
 .debug_info    0x00001400      0x31e /usr/local/mcuxpressoide-25.6.136/ide/plugins/com.nxp.mcuxpresso.tools.linux_25.6.0.202501151204/tools/bin/../lib/gcc/arm-none-eabi/14.2.1/../../../../arm-none-eabi/lib/thumb/v7-m/nofp/libcr_c.a(fclose.o)
 .debug_info    0x0000171e      0x209 /usr/local/mcuxpressoide-25.6.136/ide/plugins/com.nxp.mcuxpresso.tools.linux_25.6.0.202501151204/tools/bin/../lib/gcc/arm-none-eabi/14.2.1/../../../../arm-none-eabi/lib/thumb/v7-m/nofp/libcr_c.a(fflush.o)
 .debug_info    0x00001927      0x276 /usr/local/mcuxpressoide-25.6.136/ide/plugins/com.nxp.mcuxpresso.tools.linux_25.6.0.202501151204/tools/bin/../lib/gcc/arm-none-eabi/14.2.1/../../../../arm-none-eabi/lib/thumb/v7-m/nofp/libcr_c.a(fseek.o)
 .debug_info    0x00001b9d      0x197 /usr/local/mcuxpressoide-25.6.136/ide/plugins/com.nxp.mcuxpresso.tools.linux_25.6.0.202501151204/tools/bin/../lib/gcc/arm-none-eabi/14.2.1/../../../../arm-none-eabi/lib/thumb/v7-m/nofp/libcr_c.a(ftell.o)
 .debug_info    0x00001d34      0x1d7 /usr/local/mcuxpressoide-25.6.136/ide/plugins/com.nxp.mcuxpresso.tools.linux_25.6.0.202501151204/tools/bin/../lib/gcc/arm-none-eabi/14.2.1/../../../../arm-none-eabi/lib/thumb/v7-m/nofp/libcr_c.a(remove.o)
 .debug_info    0x00001f0b       0xe1 /usr/local/mcuxpressoide-25.6.136/ide/plugins/com.nxp.mcuxpresso.tools.linux_25.6.0.202501151204/tools/bin/../lib/gcc/arm-none-eabi/14.2.1/../../../../arm-none-eabi/lib/thumb/v7-m/nofp/libcr_c.a(strlen.o)
 .debug_info    0x00001fec       0xfc /usr/local/mcuxpressoide-25.6.136/ide/plugins/com.nxp.mcuxpresso.tools.linux_25.6.0.202501151204/tools/bin/../lib/gcc/arm-none-eabi/14.2.1/../../../../arm-none-eabi/lib/thumb/v7-m/nofp/libcr_c.a(memset.o)
 .debug_info    0x000020e8      0x23a /usr/local/mcuxpressoide-25.6.136/ide/plugins/com.nxp.mcuxpresso.tools.linux_25.6.0.202501151204/tools/bin/../lib/gcc/arm-none-eabi/14.2.1/../../../../arm-none-eabi/lib/thumb/v7-m/nofp/libcr_c.a(_do_fflush.o)
 .debug_info    0x00002322      0x1e3 /usr/local/mcuxpressoide-25.6.136/ide/plugins/com.nxp.mcuxpresso.tools.linux_25.6.0.202501151204/tools/bin/../lib/gcc/arm-none-eabi/14.2.1/../../../../arm-none-eabi/lib/thumb/v7-m/nofp/libcr_c.a(_fflush.o)
 .debug_info    0x00002505      0x289 /usr/local/mcuxpressoide-25.6.136/ide/plugins/com.nxp.mcuxpresso.tools.linux_25.6.0.202501151204/tools/bin/../lib/gcc/arm-none-eabi/14.2.1/../../../../arm-none-eabi/lib/thumb/v7-m/nofp/libcr_c.a(_writebuf.o)
 .debug_info    0x0000278e      0x520 /usr/local/mcuxpressoide-25.6.136/ide/plugins/com.nxp.mcuxpresso.tools.linux_25.6.0.202501151204/tools/bin/../lib/gcc/arm-none-eabi/14.2.1/../../../../arm-none-eabi/lib/thumb/v7-m/nofp/libcr_c.a(alloc.o)
 .debug_info    0x00002cae       0x44 /usr/local/mcuxpressoide-25.6.136/ide/plugins/com.nxp.mcuxpresso.tools.linux_25.6.0.202501151204/tools/bin/../lib/gcc/arm-none-eabi/14.2.1/../../../../arm-none-eabi/lib/thumb/v7-m/nofp/libcr_c.a(errno.o)
 .debug_info    0x00002cf2      0x396 /usr/local/mcuxpressoide-25.6.136/ide/plugins/com.nxp.mcuxpresso.tools.linux_25.6.0.202501151204/tools/bin/../lib/gcc/arm-none-eabi/14.2.1/../../../../arm-none-eabi/lib/thumb/v7-m/nofp/libcr_c.a(_deferredlazyseek.o)
 .debug_info    0x00003088      0x18b /usr/local/mcuxpressoide-25.6.136/ide/plugins/com.nxp.mcuxpresso.tools.linux_25.6.0.202501151204/tools/bin/../lib/gcc/arm-none-eabi/14.2.1/../../../../arm-none-eabi/lib/thumb/v7-m/nofp/libcr_semihost.a(__ciob.o)

.debug_abbrev   0x00000000     0x16c0
 .debug_abbrev  0x00000000      0x182 ./src/clase_26-3.o
 .debug_abbrev  0x00000182      0x14d ./src/cr_startup_lpc175x_6x.o
 .debug_abbrev  0x000002cf       0x38 ./src/crp.o
 .debug_abbrev  0x00000307       0xf4 /home/aaron4500/Documentos/MCUXpresso_25.6.136/CMSISv2p00_LPC17xx/Debug/libCMSISv2p00_LPC17xx.a(system_LPC17xx.o)
 .debug_abbrev  0x000003fb       0x70 /usr/local/mcuxpressoide-25.6.136/ide/plugins/com.nxp.mcuxpresso.tools.linux_25.6.0.202501151204/tools/bin/../lib/gcc/arm-none-eabi/14.2.1/../../../../arm-none-eabi/lib/thumb/v7-m/nofp/libcr_semihost.a(_cr__main.o)
 .debug_abbrev  0x0000046b      0x169 /usr/local/mcuxpressoide-25.6.136/ide/plugins/com.nxp.mcuxpresso.tools.linux_25.6.0.202501151204/tools/bin/../lib/gcc/arm-none-eabi/14.2.1/../../../../arm-none-eabi/lib/thumb/v7-m/nofp/libcr_c.a(initio.o)
 .debug_abbrev  0x000005d4       0xe1 /usr/local/mcuxpressoide-25.6.136/ide/plugins/com.nxp.mcuxpresso.tools.linux_25.6.0.202501151204/tools/bin/../lib/gcc/arm-none-eabi/14.2.1/../../../../arm-none-eabi/lib/thumb/v7-m/nofp/libcr_c.a(setvbuf.o)
 .debug_abbrev  0x000006b5      0x119 /usr/local/mcuxpressoide-25.6.136/ide/plugins/com.nxp.mcuxpresso.tools.linux_25.6.0.202501151204/tools/bin/../lib/gcc/arm-none-eabi/14.2.1/../../../../arm-none-eabi/lib/thumb/v7-m/nofp/libcr_c.a(_fdopen.o)
 .debug_abbrev  0x000007ce      0x158 /usr/local/mcuxpressoide-25.6.136/ide/plugins/com.nxp.mcuxpresso.tools.linux_25.6.0.202501151204/tools/bin/../lib/gcc/arm-none-eabi/14.2.1/../../../../arm-none-eabi/lib/thumb/v7-m/nofp/libcr_c.a(fclose.o)
 .debug_abbrev  0x00000926      0x125 /usr/local/mcuxpressoide-25.6.136/ide/plugins/com.nxp.mcuxpresso.tools.linux_25.6.0.202501151204/tools/bin/../lib/gcc/arm-none-eabi/14.2.1/../../../../arm-none-eabi/lib/thumb/v7-m/nofp/libcr_c.a(fflush.o)
 .debug_abbrev  0x00000a4b      0x11b /usr/local/mcuxpressoide-25.6.136/ide/plugins/com.nxp.mcuxpresso.tools.linux_25.6.0.202501151204/tools/bin/../lib/gcc/arm-none-eabi/14.2.1/../../../../arm-none-eabi/lib/thumb/v7-m/nofp/libcr_c.a(fseek.o)
 .debug_abbrev  0x00000b66       0xc2 /usr/local/mcuxpressoide-25.6.136/ide/plugins/com.nxp.mcuxpresso.tools.linux_25.6.0.202501151204/tools/bin/../lib/gcc/arm-none-eabi/14.2.1/../../../../arm-none-eabi/lib/thumb/v7-m/nofp/libcr_c.a(ftell.o)
 .debug_abbrev  0x00000c28       0xfb /usr/local/mcuxpressoide-25.6.136/ide/plugins/com.nxp.mcuxpresso.tools.linux_25.6.0.202501151204/tools/bin/../lib/gcc/arm-none-eabi/14.2.1/../../../../arm-none-eabi/lib/thumb/v7-m/nofp/libcr_c.a(remove.o)
 .debug_abbrev  0x00000d23       0xa7 /usr/local/mcuxpressoide-25.6.136/ide/plugins/com.nxp.mcuxpresso.tools.linux_25.6.0.202501151204/tools/bin/../lib/gcc/arm-none-eabi/14.2.1/../../../../arm-none-eabi/lib/thumb/v7-m/nofp/libcr_c.a(strlen.o)
 .debug_abbrev  0x00000dca       0xa8 /usr/local/mcuxpressoide-25.6.136/ide/plugins/com.nxp.mcuxpresso.tools.linux_25.6.0.202501151204/tools/bin/../lib/gcc/arm-none-eabi/14.2.1/../../../../arm-none-eabi/lib/thumb/v7-m/nofp/libcr_c.a(memset.o)
 .debug_abbrev  0x00000e72      0x12c /usr/local/mcuxpressoide-25.6.136/ide/plugins/com.nxp.mcuxpresso.tools.linux_25.6.0.202501151204/tools/bin/../lib/gcc/arm-none-eabi/14.2.1/../../../../arm-none-eabi/lib/thumb/v7-m/nofp/libcr_c.a(_do_fflush.o)
 .debug_abbrev  0x00000f9e       0xf1 /usr/local/mcuxpressoide-25.6.136/ide/plugins/com.nxp.mcuxpresso.tools.linux_25.6.0.202501151204/tools/bin/../lib/gcc/arm-none-eabi/14.2.1/../../../../arm-none-eabi/lib/thumb/v7-m/nofp/libcr_c.a(_fflush.o)
 .debug_abbrev  0x0000108f      0x126 /usr/local/mcuxpressoide-25.6.136/ide/plugins/com.nxp.mcuxpresso.tools.linux_25.6.0.202501151204/tools/bin/../lib/gcc/arm-none-eabi/14.2.1/../../../../arm-none-eabi/lib/thumb/v7-m/nofp/libcr_c.a(_writebuf.o)
 .debug_abbrev  0x000011b5      0x284 /usr/local/mcuxpressoide-25.6.136/ide/plugins/com.nxp.mcuxpresso.tools.linux_25.6.0.202501151204/tools/bin/../lib/gcc/arm-none-eabi/14.2.1/../../../../arm-none-eabi/lib/thumb/v7-m/nofp/libcr_c.a(alloc.o)
 .debug_abbrev  0x00001439       0x44 /usr/local/mcuxpressoide-25.6.136/ide/plugins/com.nxp.mcuxpresso.tools.linux_25.6.0.202501151204/tools/bin/../lib/gcc/arm-none-eabi/14.2.1/../../../../arm-none-eabi/lib/thumb/v7-m/nofp/libcr_c.a(errno.o)
 .debug_abbrev  0x0000147d      0x18e /usr/local/mcuxpressoide-25.6.136/ide/plugins/com.nxp.mcuxpresso.tools.linux_25.6.0.202501151204/tools/bin/../lib/gcc/arm-none-eabi/14.2.1/../../../../arm-none-eabi/lib/thumb/v7-m/nofp/libcr_c.a(_deferredlazyseek.o)
 .debug_abbrev  0x0000160b       0xb5 /usr/local/mcuxpressoide-25.6.136/ide/plugins/com.nxp.mcuxpresso.tools.linux_25.6.0.202501151204/tools/bin/../lib/gcc/arm-none-eabi/14.2.1/../../../../arm-none-eabi/lib/thumb/v7-m/nofp/libcr_semihost.a(__ciob.o)

.debug_aranges  0x00000000      0x358
 .debug_aranges
                0x00000000       0x30 ./src/clase_26-3.o
 .debug_aranges
                0x00000030       0x80 ./src/cr_startup_lpc175x_6x.o
 .debug_aranges
                0x000000b0       0x18 ./src/crp.o
 .debug_aranges
                0x000000c8       0x28 /home/aaron4500/Documentos/MCUXpresso_25.6.136/CMSISv2p00_LPC17xx/Debug/libCMSISv2p00_LPC17xx.a(system_LPC17xx.o)
 .debug_aranges
                0x000000f0       0x20 /usr/local/mcuxpressoide-25.6.136/ide/plugins/com.nxp.mcuxpresso.tools.linux_25.6.0.202501151204/tools/bin/../lib/gcc/arm-none-eabi/14.2.1/../../../../arm-none-eabi/lib/thumb/v7-m/nofp/libcr_semihost.a(_cr__main.o)
 .debug_aranges
                0x00000110       0x28 /usr/local/mcuxpressoide-25.6.136/ide/plugins/com.nxp.mcuxpresso.tools.linux_25.6.0.202501151204/tools/bin/../lib/gcc/arm-none-eabi/14.2.1/../../../../arm-none-eabi/lib/thumb/v7-m/nofp/libcr_c.a(initio.o)
 .debug_aranges
                0x00000138       0x20 /usr/local/mcuxpressoide-25.6.136/ide/plugins/com.nxp.mcuxpresso.tools.linux_25.6.0.202501151204/tools/bin/../lib/gcc/arm-none-eabi/14.2.1/../../../../arm-none-eabi/lib/thumb/v7-m/nofp/libcr_c.a(setvbuf.o)
 .debug_aranges
                0x00000158       0x20 /usr/local/mcuxpressoide-25.6.136/ide/plugins/com.nxp.mcuxpresso.tools.linux_25.6.0.202501151204/tools/bin/../lib/gcc/arm-none-eabi/14.2.1/../../../../arm-none-eabi/lib/thumb/v7-m/nofp/libcr_c.a(_fdopen.o)
 .debug_aranges
                0x00000178       0x20 /usr/local/mcuxpressoide-25.6.136/ide/plugins/com.nxp.mcuxpresso.tools.linux_25.6.0.202501151204/tools/bin/../lib/gcc/arm-none-eabi/14.2.1/../../../../arm-none-eabi/lib/thumb/v7-m/nofp/libcr_c.a(fclose.o)
 .debug_aranges
                0x00000198       0x20 /usr/local/mcuxpressoide-25.6.136/ide/plugins/com.nxp.mcuxpresso.tools.linux_25.6.0.202501151204/tools/bin/../lib/gcc/arm-none-eabi/14.2.1/../../../../arm-none-eabi/lib/thumb/v7-m/nofp/libcr_c.a(fflush.o)
 .debug_aranges
                0x000001b8       0x20 /usr/local/mcuxpressoide-25.6.136/ide/plugins/com.nxp.mcuxpresso.tools.linux_25.6.0.202501151204/tools/bin/../lib/gcc/arm-none-eabi/14.2.1/../../../../arm-none-eabi/lib/thumb/v7-m/nofp/libcr_c.a(fseek.o)
 .debug_aranges
                0x000001d8       0x20 /usr/local/mcuxpressoide-25.6.136/ide/plugins/com.nxp.mcuxpresso.tools.linux_25.6.0.202501151204/tools/bin/../lib/gcc/arm-none-eabi/14.2.1/../../../../arm-none-eabi/lib/thumb/v7-m/nofp/libcr_c.a(ftell.o)
 .debug_aranges
                0x000001f8       0x28 /usr/local/mcuxpressoide-25.6.136/ide/plugins/com.nxp.mcuxpresso.tools.linux_25.6.0.202501151204/tools/bin/../lib/gcc/arm-none-eabi/14.2.1/../../../../arm-none-eabi/lib/thumb/v7-m/nofp/libcr_c.a(remove.o)
 .debug_aranges
                0x00000220       0x20 /usr/local/mcuxpressoide-25.6.136/ide/plugins/com.nxp.mcuxpresso.tools.linux_25.6.0.202501151204/tools/bin/../lib/gcc/arm-none-eabi/14.2.1/../../../../arm-none-eabi/lib/thumb/v7-m/nofp/libcr_c.a(strlen.o)
 .debug_aranges
                0x00000240       0x20 /usr/local/mcuxpressoide-25.6.136/ide/plugins/com.nxp.mcuxpresso.tools.linux_25.6.0.202501151204/tools/bin/../lib/gcc/arm-none-eabi/14.2.1/../../../../arm-none-eabi/lib/thumb/v7-m/nofp/libcr_c.a(memset.o)
 .debug_aranges
                0x00000260       0x20 /usr/local/mcuxpressoide-25.6.136/ide/plugins/com.nxp.mcuxpresso.tools.linux_25.6.0.202501151204/tools/bin/../lib/gcc/arm-none-eabi/14.2.1/../../../../arm-none-eabi/lib/thumb/v7-m/nofp/libcr_c.a(_do_fflush.o)
 .debug_aranges
                0x00000280       0x20 /usr/local/mcuxpressoide-25.6.136/ide/plugins/com.nxp.mcuxpresso.tools.linux_25.6.0.202501151204/tools/bin/../lib/gcc/arm-none-eabi/14.2.1/../../../../arm-none-eabi/lib/thumb/v7-m/nofp/libcr_c.a(_fflush.o)
 .debug_aranges
                0x000002a0       0x20 /usr/local/mcuxpressoide-25.6.136/ide/plugins/com.nxp.mcuxpresso.tools.linux_25.6.0.202501151204/tools/bin/../lib/gcc/arm-none-eabi/14.2.1/../../../../arm-none-eabi/lib/thumb/v7-m/nofp/libcr_c.a(_writebuf.o)
 .debug_aranges
                0x000002c0       0x40 /usr/local/mcuxpressoide-25.6.136/ide/plugins/com.nxp.mcuxpresso.tools.linux_25.6.0.202501151204/tools/bin/../lib/gcc/arm-none-eabi/14.2.1/../../../../arm-none-eabi/lib/thumb/v7-m/nofp/libcr_c.a(alloc.o)
 .debug_aranges
                0x00000300       0x18 /usr/local/mcuxpressoide-25.6.136/ide/plugins/com.nxp.mcuxpresso.tools.linux_25.6.0.202501151204/tools/bin/../lib/gcc/arm-none-eabi/14.2.1/../../../../arm-none-eabi/lib/thumb/v7-m/nofp/libcr_c.a(errno.o)
 .debug_aranges
                0x00000318       0x28 /usr/local/mcuxpressoide-25.6.136/ide/plugins/com.nxp.mcuxpresso.tools.linux_25.6.0.202501151204/tools/bin/../lib/gcc/arm-none-eabi/14.2.1/../../../../arm-none-eabi/lib/thumb/v7-m/nofp/libcr_c.a(_deferredlazyseek.o)
 .debug_aranges
                0x00000340       0x18 /usr/local/mcuxpressoide-25.6.136/ide/plugins/com.nxp.mcuxpresso.tools.linux_25.6.0.202501151204/tools/bin/../lib/gcc/arm-none-eabi/14.2.1/../../../../arm-none-eabi/lib/thumb/v7-m/nofp/libcr_semihost.a(__ciob.o)

.debug_ranges   0x00000000      0x240
 .debug_ranges  0x00000000       0x20 ./src/clase_26-3.o
 .debug_ranges  0x00000020       0x70 ./src/cr_startup_lpc175x_6x.o
 .debug_ranges  0x00000090       0x18 /home/aaron4500/Documentos/MCUXpresso_25.6.136/CMSISv2p00_LPC17xx/Debug/libCMSISv2p00_LPC17xx.a(system_LPC17xx.o)
 .debug_ranges  0x000000a8       0x10 /usr/local/mcuxpressoide-25.6.136/ide/plugins/com.nxp.mcuxpresso.tools.linux_25.6.0.202501151204/tools/bin/../lib/gcc/arm-none-eabi/14.2.1/../../../../arm-none-eabi/lib/thumb/v7-m/nofp/libcr_semihost.a(_cr__main.o)
 .debug_ranges  0x000000b8       0x18 /usr/local/mcuxpressoide-25.6.136/ide/plugins/com.nxp.mcuxpresso.tools.linux_25.6.0.202501151204/tools/bin/../lib/gcc/arm-none-eabi/14.2.1/../../../../arm-none-eabi/lib/thumb/v7-m/nofp/libcr_c.a(initio.o)
 .debug_ranges  0x000000d0       0x10 /usr/local/mcuxpressoide-25.6.136/ide/plugins/com.nxp.mcuxpresso.tools.linux_25.6.0.202501151204/tools/bin/../lib/gcc/arm-none-eabi/14.2.1/../../../../arm-none-eabi/lib/thumb/v7-m/nofp/libcr_c.a(setvbuf.o)
 .debug_ranges  0x000000e0       0x10 /usr/local/mcuxpressoide-25.6.136/ide/plugins/com.nxp.mcuxpresso.tools.linux_25.6.0.202501151204/tools/bin/../lib/gcc/arm-none-eabi/14.2.1/../../../../arm-none-eabi/lib/thumb/v7-m/nofp/libcr_c.a(_fdopen.o)
 .debug_ranges  0x000000f0       0x10 /usr/local/mcuxpressoide-25.6.136/ide/plugins/com.nxp.mcuxpresso.tools.linux_25.6.0.202501151204/tools/bin/../lib/gcc/arm-none-eabi/14.2.1/../../../../arm-none-eabi/lib/thumb/v7-m/nofp/libcr_c.a(fclose.o)
 .debug_ranges  0x00000100       0x28 /usr/local/mcuxpressoide-25.6.136/ide/plugins/com.nxp.mcuxpresso.tools.linux_25.6.0.202501151204/tools/bin/../lib/gcc/arm-none-eabi/14.2.1/../../../../arm-none-eabi/lib/thumb/v7-m/nofp/libcr_c.a(fflush.o)
 .debug_ranges  0x00000128       0x10 /usr/local/mcuxpressoide-25.6.136/ide/plugins/com.nxp.mcuxpresso.tools.linux_25.6.0.202501151204/tools/bin/../lib/gcc/arm-none-eabi/14.2.1/../../../../arm-none-eabi/lib/thumb/v7-m/nofp/libcr_c.a(fseek.o)
 .debug_ranges  0x00000138       0x10 /usr/local/mcuxpressoide-25.6.136/ide/plugins/com.nxp.mcuxpresso.tools.linux_25.6.0.202501151204/tools/bin/../lib/gcc/arm-none-eabi/14.2.1/../../../../arm-none-eabi/lib/thumb/v7-m/nofp/libcr_c.a(ftell.o)
 .debug_ranges  0x00000148       0x18 /usr/local/mcuxpressoide-25.6.136/ide/plugins/com.nxp.mcuxpresso.tools.linux_25.6.0.202501151204/tools/bin/../lib/gcc/arm-none-eabi/14.2.1/../../../../arm-none-eabi/lib/thumb/v7-m/nofp/libcr_c.a(remove.o)
 .debug_ranges  0x00000160       0x10 /usr/local/mcuxpressoide-25.6.136/ide/plugins/com.nxp.mcuxpresso.tools.linux_25.6.0.202501151204/tools/bin/../lib/gcc/arm-none-eabi/14.2.1/../../../../arm-none-eabi/lib/thumb/v7-m/nofp/libcr_c.a(strlen.o)
 .debug_ranges  0x00000170       0x10 /usr/local/mcuxpressoide-25.6.136/ide/plugins/com.nxp.mcuxpresso.tools.linux_25.6.0.202501151204/tools/bin/../lib/gcc/arm-none-eabi/14.2.1/../../../../arm-none-eabi/lib/thumb/v7-m/nofp/libcr_c.a(memset.o)
 .debug_ranges  0x00000180       0x28 /usr/local/mcuxpressoide-25.6.136/ide/plugins/com.nxp.mcuxpresso.tools.linux_25.6.0.202501151204/tools/bin/../lib/gcc/arm-none-eabi/14.2.1/../../../../arm-none-eabi/lib/thumb/v7-m/nofp/libcr_c.a(_do_fflush.o)
 .debug_ranges  0x000001a8       0x10 /usr/local/mcuxpressoide-25.6.136/ide/plugins/com.nxp.mcuxpresso.tools.linux_25.6.0.202501151204/tools/bin/../lib/gcc/arm-none-eabi/14.2.1/../../../../arm-none-eabi/lib/thumb/v7-m/nofp/libcr_c.a(_fflush.o)
 .debug_ranges  0x000001b8       0x10 /usr/local/mcuxpressoide-25.6.136/ide/plugins/com.nxp.mcuxpresso.tools.linux_25.6.0.202501151204/tools/bin/../lib/gcc/arm-none-eabi/14.2.1/../../../../arm-none-eabi/lib/thumb/v7-m/nofp/libcr_c.a(_writebuf.o)
 .debug_ranges  0x000001c8       0x48 /usr/local/mcuxpressoide-25.6.136/ide/plugins/com.nxp.mcuxpresso.tools.linux_25.6.0.202501151204/tools/bin/../lib/gcc/arm-none-eabi/14.2.1/../../../../arm-none-eabi/lib/thumb/v7-m/nofp/libcr_c.a(alloc.o)
 .debug_ranges  0x00000210       0x30 /usr/local/mcuxpressoide-25.6.136/ide/plugins/com.nxp.mcuxpresso.tools.linux_25.6.0.202501151204/tools/bin/../lib/gcc/arm-none-eabi/14.2.1/../../../../arm-none-eabi/lib/thumb/v7-m/nofp/libcr_c.a(_deferredlazyseek.o)

.debug_macro    0x00000000     0x2a6c
 .debug_macro   0x00000000       0x9b ./src/clase_26-3.o
 .debug_macro   0x0000009b      0xade ./src/clase_26-3.o
 .debug_macro   0x00000b79       0x1c ./src/clase_26-3.o
 .debug_macro   0x00000b95       0x2e ./src/clase_26-3.o
 .debug_macro   0x00000bc3       0x10 ./src/clase_26-3.o
 .debug_macro   0x00000bd3      0x12e ./src/clase_26-3.o
 .debug_macro   0x00000d01      0x5b3 ./src/clase_26-3.o
 .debug_macro   0x000012b4       0x18 ./src/clase_26-3.o
 .debug_macro   0x000012cc      0x7af ./src/clase_26-3.o
 .debug_macro   0x00001a7b      0x2c7 ./src/clase_26-3.o
 .debug_macro   0x00001d42       0xa0 ./src/clase_26-3.o
 .debug_macro   0x00001de2       0x22 ./src/clase_26-3.o
 .debug_macro   0x00001e04       0x1d ./src/cr_startup_lpc175x_6x.o
 .debug_macro   0x00001e21       0x1a ./src/crp.o
 .debug_macro   0x00001e3b       0x34 ./src/crp.o
 .debug_macro   0x00001e6f      0x12b /home/aaron4500/Documentos/MCUXpresso_25.6.136/CMSISv2p00_LPC17xx/Debug/libCMSISv2p00_LPC17xx.a(system_LPC17xx.o)
 .debug_macro   0x00001f9a      0xad2 /home/aaron4500/Documentos/MCUXpresso_25.6.136/CMSISv2p00_LPC17xx/Debug/libCMSISv2p00_LPC17xx.a(system_LPC17xx.o)

.debug_line     0x00000000     0x261c
 .debug_line    0x00000000      0x31a ./src/clase_26-3.o
 .debug_line    0x0000031a      0x11e ./src/cr_startup_lpc175x_6x.o
 .debug_line    0x00000438       0xb2 ./src/crp.o
 .debug_line    0x000004ea      0x420 /home/aaron4500/Documentos/MCUXpresso_25.6.136/CMSISv2p00_LPC17xx/Debug/libCMSISv2p00_LPC17xx.a(system_LPC17xx.o)
 .debug_line    0x0000090a       0xc4 /usr/local/mcuxpressoide-25.6.136/ide/plugins/com.nxp.mcuxpresso.tools.linux_25.6.0.202501151204/tools/bin/../lib/gcc/arm-none-eabi/14.2.1/../../../../arm-none-eabi/lib/thumb/v7-m/nofp/libcr_semihost.a(_cr__main.o)
 .debug_line    0x000009ce      0x1b9 /usr/local/mcuxpressoide-25.6.136/ide/plugins/com.nxp.mcuxpresso.tools.linux_25.6.0.202501151204/tools/bin/../lib/gcc/arm-none-eabi/14.2.1/../../../../arm-none-eabi/lib/thumb/v7-m/nofp/libcr_c.a(initio.o)
 .debug_line    0x00000b87      0x15c /usr/local/mcuxpressoide-25.6.136/ide/plugins/com.nxp.mcuxpresso.tools.linux_25.6.0.202501151204/tools/bin/../lib/gcc/arm-none-eabi/14.2.1/../../../../arm-none-eabi/lib/thumb/v7-m/nofp/libcr_c.a(setvbuf.o)
 .debug_line    0x00000ce3      0x18c /usr/local/mcuxpressoide-25.6.136/ide/plugins/com.nxp.mcuxpresso.tools.linux_25.6.0.202501151204/tools/bin/../lib/gcc/arm-none-eabi/14.2.1/../../../../arm-none-eabi/lib/thumb/v7-m/nofp/libcr_c.a(_fdopen.o)
 .debug_line    0x00000e6f      0x17e /usr/local/mcuxpressoide-25.6.136/ide/plugins/com.nxp.mcuxpresso.tools.linux_25.6.0.202501151204/tools/bin/../lib/gcc/arm-none-eabi/14.2.1/../../../../arm-none-eabi/lib/thumb/v7-m/nofp/libcr_c.a(fclose.o)
 .debug_line    0x00000fed      0x151 /usr/local/mcuxpressoide-25.6.136/ide/plugins/com.nxp.mcuxpresso.tools.linux_25.6.0.202501151204/tools/bin/../lib/gcc/arm-none-eabi/14.2.1/../../../../arm-none-eabi/lib/thumb/v7-m/nofp/libcr_c.a(fflush.o)
 .debug_line    0x0000113e      0x2a5 /usr/local/mcuxpressoide-25.6.136/ide/plugins/com.nxp.mcuxpresso.tools.linux_25.6.0.202501151204/tools/bin/../lib/gcc/arm-none-eabi/14.2.1/../../../../arm-none-eabi/lib/thumb/v7-m/nofp/libcr_c.a(fseek.o)
 .debug_line    0x000013e3      0x17a /usr/local/mcuxpressoide-25.6.136/ide/plugins/com.nxp.mcuxpresso.tools.linux_25.6.0.202501151204/tools/bin/../lib/gcc/arm-none-eabi/14.2.1/../../../../arm-none-eabi/lib/thumb/v7-m/nofp/libcr_c.a(ftell.o)
 .debug_line    0x0000155d      0x15c /usr/local/mcuxpressoide-25.6.136/ide/plugins/com.nxp.mcuxpresso.tools.linux_25.6.0.202501151204/tools/bin/../lib/gcc/arm-none-eabi/14.2.1/../../../../arm-none-eabi/lib/thumb/v7-m/nofp/libcr_c.a(remove.o)
 .debug_line    0x000016b9      0x141 /usr/local/mcuxpressoide-25.6.136/ide/plugins/com.nxp.mcuxpresso.tools.linux_25.6.0.202501151204/tools/bin/../lib/gcc/arm-none-eabi/14.2.1/../../../../arm-none-eabi/lib/thumb/v7-m/nofp/libcr_c.a(strlen.o)
 .debug_line    0x000017fa       0xb3 /usr/local/mcuxpressoide-25.6.136/ide/plugins/com.nxp.mcuxpresso.tools.linux_25.6.0.202501151204/tools/bin/../lib/gcc/arm-none-eabi/14.2.1/../../../../arm-none-eabi/lib/thumb/v7-m/nofp/libcr_c.a(memset.o)
 .debug_line    0x000018ad      0x16c /usr/local/mcuxpressoide-25.6.136/ide/plugins/com.nxp.mcuxpresso.tools.linux_25.6.0.202501151204/tools/bin/../lib/gcc/arm-none-eabi/14.2.1/../../../../arm-none-eabi/lib/thumb/v7-m/nofp/libcr_c.a(_do_fflush.o)
 .debug_line    0x00001a19      0x18f /usr/local/mcuxpressoide-25.6.136/ide/plugins/com.nxp.mcuxpresso.tools.linux_25.6.0.202501151204/tools/bin/../lib/gcc/arm-none-eabi/14.2.1/../../../../arm-none-eabi/lib/thumb/v7-m/nofp/libcr_c.a(_fflush.o)
 .debug_line    0x00001ba8      0x1a8 /usr/local/mcuxpressoide-25.6.136/ide/plugins/com.nxp.mcuxpresso.tools.linux_25.6.0.202501151204/tools/bin/../lib/gcc/arm-none-eabi/14.2.1/../../../../arm-none-eabi/lib/thumb/v7-m/nofp/libcr_c.a(_writebuf.o)
 .debug_line    0x00001d50      0x3ed /usr/local/mcuxpressoide-25.6.136/ide/plugins/com.nxp.mcuxpresso.tools.linux_25.6.0.202501151204/tools/bin/../lib/gcc/arm-none-eabi/14.2.1/../../../../arm-none-eabi/lib/thumb/v7-m/nofp/libcr_c.a(alloc.o)
 .debug_line    0x0000213d       0x86 /usr/local/mcuxpressoide-25.6.136/ide/plugins/com.nxp.mcuxpresso.tools.linux_25.6.0.202501151204/tools/bin/../lib/gcc/arm-none-eabi/14.2.1/../../../../arm-none-eabi/lib/thumb/v7-m/nofp/libcr_c.a(errno.o)
 .debug_line    0x000021c3      0x36f /usr/local/mcuxpressoide-25.6.136/ide/plugins/com.nxp.mcuxpresso.tools.linux_25.6.0.202501151204/tools/bin/../lib/gcc/arm-none-eabi/14.2.1/../../../../arm-none-eabi/lib/thumb/v7-m/nofp/libcr_c.a(_deferredlazyseek.o)
 .debug_line    0x00002532       0xea /usr/local/mcuxpressoide-25.6.136/ide/plugins/com.nxp.mcuxpresso.tools.linux_25.6.0.202501151204/tools/bin/../lib/gcc/arm-none-eabi/14.2.1/../../../../arm-none-eabi/lib/thumb/v7-m/nofp/libcr_semihost.a(__ciob.o)

.debug_str      0x00000000     0x9789
 .debug_str     0x00000000     0x9789 ./src/clase_26-3.o
                               0x8b9c (size before relaxing)
 .debug_str     0x00009789     0x3091 ./src/cr_startup_lpc175x_6x.o
 .debug_str     0x00009789     0x2f7a ./src/crp.o
 .debug_str     0x00009789     0x8a22 /home/aaron4500/Documentos/MCUXpresso_25.6.136/CMSISv2p00_LPC17xx/Debug/libCMSISv2p00_LPC17xx.a(system_LPC17xx.o)
 .debug_str     0x00009789      0x168 /usr/local/mcuxpressoide-25.6.136/ide/plugins/com.nxp.mcuxpresso.tools.linux_25.6.0.202501151204/tools/bin/../lib/gcc/arm-none-eabi/14.2.1/../../../../arm-none-eabi/lib/thumb/v7-m/nofp/libcr_semihost.a(_cr__main.o)
 .debug_str     0x00009789      0x23d /usr/local/mcuxpressoide-25.6.136/ide/plugins/com.nxp.mcuxpresso.tools.linux_25.6.0.202501151204/tools/bin/../lib/gcc/arm-none-eabi/14.2.1/../../../../arm-none-eabi/lib/thumb/v7-m/nofp/libcr_c.a(initio.o)
 .debug_str     0x00009789      0x233 /usr/local/mcuxpressoide-25.6.136/ide/plugins/com.nxp.mcuxpresso.tools.linux_25.6.0.202501151204/tools/bin/../lib/gcc/arm-none-eabi/14.2.1/../../../../arm-none-eabi/lib/thumb/v7-m/nofp/libcr_c.a(setvbuf.o)
 .debug_str     0x00009789      0x230 /usr/local/mcuxpressoide-25.6.136/ide/plugins/com.nxp.mcuxpresso.tools.linux_25.6.0.202501151204/tools/bin/../lib/gcc/arm-none-eabi/14.2.1/../../../../arm-none-eabi/lib/thumb/v7-m/nofp/libcr_c.a(_fdopen.o)
 .debug_str     0x00009789      0x247 /usr/local/mcuxpressoide-25.6.136/ide/plugins/com.nxp.mcuxpresso.tools.linux_25.6.0.202501151204/tools/bin/../lib/gcc/arm-none-eabi/14.2.1/../../../../arm-none-eabi/lib/thumb/v7-m/nofp/libcr_c.a(fclose.o)
 .debug_str     0x00009789      0x235 /usr/local/mcuxpressoide-25.6.136/ide/plugins/com.nxp.mcuxpresso.tools.linux_25.6.0.202501151204/tools/bin/../lib/gcc/arm-none-eabi/14.2.1/../../../../arm-none-eabi/lib/thumb/v7-m/nofp/libcr_c.a(fflush.o)
 .debug_str     0x00009789      0x237 /usr/local/mcuxpressoide-25.6.136/ide/plugins/com.nxp.mcuxpresso.tools.linux_25.6.0.202501151204/tools/bin/../lib/gcc/arm-none-eabi/14.2.1/../../../../arm-none-eabi/lib/thumb/v7-m/nofp/libcr_c.a(fseek.o)
 .debug_str     0x00009789      0x214 /usr/local/mcuxpressoide-25.6.136/ide/plugins/com.nxp.mcuxpresso.tools.linux_25.6.0.202501151204/tools/bin/../lib/gcc/arm-none-eabi/14.2.1/../../../../arm-none-eabi/lib/thumb/v7-m/nofp/libcr_c.a(ftell.o)
 .debug_str     0x00009789      0x1d3 /usr/local/mcuxpressoide-25.6.136/ide/plugins/com.nxp.mcuxpresso.tools.linux_25.6.0.202501151204/tools/bin/../lib/gcc/arm-none-eabi/14.2.1/../../../../arm-none-eabi/lib/thumb/v7-m/nofp/libcr_c.a(remove.o)
 .debug_str     0x00009789      0x17a /usr/local/mcuxpressoide-25.6.136/ide/plugins/com.nxp.mcuxpresso.tools.linux_25.6.0.202501151204/tools/bin/../lib/gcc/arm-none-eabi/14.2.1/../../../../arm-none-eabi/lib/thumb/v7-m/nofp/libcr_c.a(strlen.o)
 .debug_str     0x00009789      0x180 /usr/local/mcuxpressoide-25.6.136/ide/plugins/com.nxp.mcuxpresso.tools.linux_25.6.0.202501151204/tools/bin/../lib/gcc/arm-none-eabi/14.2.1/../../../../arm-none-eabi/lib/thumb/v7-m/nofp/libcr_c.a(memset.o)
 .debug_str     0x00009789      0x228 /usr/local/mcuxpressoide-25.6.136/ide/plugins/com.nxp.mcuxpresso.tools.linux_25.6.0.202501151204/tools/bin/../lib/gcc/arm-none-eabi/14.2.1/../../../../arm-none-eabi/lib/thumb/v7-m/nofp/libcr_c.a(_do_fflush.o)
 .debug_str     0x00009789      0x212 /usr/local/mcuxpressoide-25.6.136/ide/plugins/com.nxp.mcuxpresso.tools.linux_25.6.0.202501151204/tools/bin/../lib/gcc/arm-none-eabi/14.2.1/../../../../arm-none-eabi/lib/thumb/v7-m/nofp/libcr_c.a(_fflush.o)
 .debug_str     0x00009789      0x243 /usr/local/mcuxpressoide-25.6.136/ide/plugins/com.nxp.mcuxpresso.tools.linux_25.6.0.202501151204/tools/bin/../lib/gcc/arm-none-eabi/14.2.1/../../../../arm-none-eabi/lib/thumb/v7-m/nofp/libcr_c.a(_writebuf.o)
 .debug_str     0x00009789      0x233 /usr/local/mcuxpressoide-25.6.136/ide/plugins/com.nxp.mcuxpresso.tools.linux_25.6.0.202501151204/tools/bin/../lib/gcc/arm-none-eabi/14.2.1/../../../../arm-none-eabi/lib/thumb/v7-m/nofp/libcr_c.a(alloc.o)
 .debug_str     0x00009789      0x114 /usr/local/mcuxpressoide-25.6.136/ide/plugins/com.nxp.mcuxpresso.tools.linux_25.6.0.202501151204/tools/bin/../lib/gcc/arm-none-eabi/14.2.1/../../../../arm-none-eabi/lib/thumb/v7-m/nofp/libcr_c.a(errno.o)
 .debug_str     0x00009789      0x277 /usr/local/mcuxpressoide-25.6.136/ide/plugins/com.nxp.mcuxpresso.tools.linux_25.6.0.202501151204/tools/bin/../lib/gcc/arm-none-eabi/14.2.1/../../../../arm-none-eabi/lib/thumb/v7-m/nofp/libcr_c.a(_deferredlazyseek.o)
 .debug_str     0x00009789      0x200 /usr/local/mcuxpressoide-25.6.136/ide/plugins/com.nxp.mcuxpresso.tools.linux_25.6.0.202501151204/tools/bin/../lib/gcc/arm-none-eabi/14.2.1/../../../../arm-none-eabi/lib/thumb/v7-m/nofp/libcr_semihost.a(__ciob.o)

.comment        0x00000000       0x45
 .comment       0x00000000       0x45 ./src/clase_26-3.o
                                 0x46 (size before relaxing)
 .comment       0x00000045       0x46 ./src/cr_startup_lpc175x_6x.o
 .comment       0x00000045       0x46 ./src/crp.o
 .comment       0x00000045       0x46 /home/aaron4500/Documentos/MCUXpresso_25.6.136/CMSISv2p00_LPC17xx/Debug/libCMSISv2p00_LPC17xx.a(system_LPC17xx.o)
 .comment       0x00000045       0x46 /usr/local/mcuxpressoide-25.6.136/ide/plugins/com.nxp.mcuxpresso.tools.linux_25.6.0.202501151204/tools/bin/../lib/gcc/arm-none-eabi/14.2.1/../../../../arm-none-eabi/lib/thumb/v7-m/nofp/libcr_semihost.a(_cr__main.o)
 .comment       0x00000045       0x46 /usr/local/mcuxpressoide-25.6.136/ide/plugins/com.nxp.mcuxpresso.tools.linux_25.6.0.202501151204/tools/bin/../lib/gcc/arm-none-eabi/14.2.1/../../../../arm-none-eabi/lib/thumb/v7-m/nofp/libcr_c.a(initio.o)
 .comment       0x00000045       0x46 /usr/local/mcuxpressoide-25.6.136/ide/plugins/com.nxp.mcuxpresso.tools.linux_25.6.0.202501151204/tools/bin/../lib/gcc/arm-none-eabi/14.2.1/../../../../arm-none-eabi/lib/thumb/v7-m/nofp/libcr_c.a(setvbuf.o)
 .comment       0x00000045       0x46 /usr/local/mcuxpressoide-25.6.136/ide/plugins/com.nxp.mcuxpresso.tools.linux_25.6.0.202501151204/tools/bin/../lib/gcc/arm-none-eabi/14.2.1/../../../../arm-none-eabi/lib/thumb/v7-m/nofp/libcr_c.a(_fdopen.o)
 .comment       0x00000045       0x46 /usr/local/mcuxpressoide-25.6.136/ide/plugins/com.nxp.mcuxpresso.tools.linux_25.6.0.202501151204/tools/bin/../lib/gcc/arm-none-eabi/14.2.1/../../../../arm-none-eabi/lib/thumb/v7-m/nofp/libcr_c.a(fclose.o)
 .comment       0x00000045       0x46 /usr/local/mcuxpressoide-25.6.136/ide/plugins/com.nxp.mcuxpresso.tools.linux_25.6.0.202501151204/tools/bin/../lib/gcc/arm-none-eabi/14.2.1/../../../../arm-none-eabi/lib/thumb/v7-m/nofp/libcr_c.a(fflush.o)
 .comment       0x00000045       0x46 /usr/local/mcuxpressoide-25.6.136/ide/plugins/com.nxp.mcuxpresso.tools.linux_25.6.0.202501151204/tools/bin/../lib/gcc/arm-none-eabi/14.2.1/../../../../arm-none-eabi/lib/thumb/v7-m/nofp/libcr_c.a(fseek.o)
 .comment       0x00000045       0x46 /usr/local/mcuxpressoide-25.6.136/ide/plugins/com.nxp.mcuxpresso.tools.linux_25.6.0.202501151204/tools/bin/../lib/gcc/arm-none-eabi/14.2.1/../../../../arm-none-eabi/lib/thumb/v7-m/nofp/libcr_c.a(ftell.o)
 .comment       0x00000045       0x46 /usr/local/mcuxpressoide-25.6.136/ide/plugins/com.nxp.mcuxpresso.tools.linux_25.6.0.202501151204/tools/bin/../lib/gcc/arm-none-eabi/14.2.1/../../../../arm-none-eabi/lib/thumb/v7-m/nofp/libcr_c.a(remove.o)
 .comment       0x00000045       0x46 /usr/local/mcuxpressoide-25.6.136/ide/plugins/com.nxp.mcuxpresso.tools.linux_25.6.0.202501151204/tools/bin/../lib/gcc/arm-none-eabi/14.2.1/../../../../arm-none-eabi/lib/thumb/v7-m/nofp/libcr_c.a(strlen.o)
 .comment       0x00000045       0x46 /usr/local/mcuxpressoide-25.6.136/ide/plugins/com.nxp.mcuxpresso.tools.linux_25.6.0.202501151204/tools/bin/../lib/gcc/arm-none-eabi/14.2.1/../../../../arm-none-eabi/lib/thumb/v7-m/nofp/libcr_c.a(memset.o)
 .comment       0x00000045       0x46 /usr/local/mcuxpressoide-25.6.136/ide/plugins/com.nxp.mcuxpresso.tools.linux_25.6.0.202501151204/tools/bin/../lib/gcc/arm-none-eabi/14.2.1/../../../../arm-none-eabi/lib/thumb/v7-m/nofp/libcr_c.a(_do_fflush.o)
 .comment       0x00000045       0x46 /usr/local/mcuxpressoide-25.6.136/ide/plugins/com.nxp.mcuxpresso.tools.linux_25.6.0.202501151204/tools/bin/../lib/gcc/arm-none-eabi/14.2.1/../../../../arm-none-eabi/lib/thumb/v7-m/nofp/libcr_c.a(_fflush.o)
 .comment       0x00000045       0x46 /usr/local/mcuxpressoide-25.6.136/ide/plugins/com.nxp.mcuxpresso.tools.linux_25.6.0.202501151204/tools/bin/../lib/gcc/arm-none-eabi/14.2.1/../../../../arm-none-eabi/lib/thumb/v7-m/nofp/libcr_c.a(_writebuf.o)
 .comment       0x00000045       0x46 /usr/local/mcuxpressoide-25.6.136/ide/plugins/com.nxp.mcuxpresso.tools.linux_25.6.0.202501151204/tools/bin/../lib/gcc/arm-none-eabi/14.2.1/../../../../arm-none-eabi/lib/thumb/v7-m/nofp/libcr_c.a(alloc.o)
 .comment       0x00000045       0x46 /usr/local/mcuxpressoide-25.6.136/ide/plugins/com.nxp.mcuxpresso.tools.linux_25.6.0.202501151204/tools/bin/../lib/gcc/arm-none-eabi/14.2.1/../../../../arm-none-eabi/lib/thumb/v7-m/nofp/libcr_c.a(errno.o)
 .comment       0x00000045       0x46 /usr/local/mcuxpressoide-25.6.136/ide/plugins/com.nxp.mcuxpresso.tools.linux_25.6.0.202501151204/tools/bin/../lib/gcc/arm-none-eabi/14.2.1/../../../../arm-none-eabi/lib/thumb/v7-m/nofp/libcr_c.a(_deferredlazyseek.o)
 .comment       0x00000045       0x46 /usr/local/mcuxpressoide-25.6.136/ide/plugins/com.nxp.mcuxpresso.tools.linux_25.6.0.202501151204/tools/bin/../lib/gcc/arm-none-eabi/14.2.1/../../../../arm-none-eabi/lib/thumb/v7-m/nofp/libcr_semihost.a(__ciob.o)

.ARM.attributes
                0x00000000       0x2b
 .ARM.attributes
                0x00000000       0x2d ./src/clase_26-3.o
 .ARM.attributes
                0x0000002d       0x2d ./src/cr_startup_lpc175x_6x.o
 .ARM.attributes
                0x0000005a       0x2d ./src/crp.o
 .ARM.attributes
                0x00000087       0x2d /home/aaron4500/Documentos/MCUXpresso_25.6.136/CMSISv2p00_LPC17xx/Debug/libCMSISv2p00_LPC17xx.a(system_LPC17xx.o)
 .ARM.attributes
                0x000000b4       0x2d /usr/local/mcuxpressoide-25.6.136/ide/plugins/com.nxp.mcuxpresso.tools.linux_25.6.0.202501151204/tools/bin/../lib/gcc/arm-none-eabi/14.2.1/../../../../arm-none-eabi/lib/thumb/v7-m/nofp/libcr_semihost.a(_cr__main.o)
 .ARM.attributes
                0x000000e1       0x2d /usr/local/mcuxpressoide-25.6.136/ide/plugins/com.nxp.mcuxpresso.tools.linux_25.6.0.202501151204/tools/bin/../lib/gcc/arm-none-eabi/14.2.1/../../../../arm-none-eabi/lib/thumb/v7-m/nofp/libcr_c.a(initio.o)
 .ARM.attributes
                0x0000010e       0x2d /usr/local/mcuxpressoide-25.6.136/ide/plugins/com.nxp.mcuxpresso.tools.linux_25.6.0.202501151204/tools/bin/../lib/gcc/arm-none-eabi/14.2.1/../../../../arm-none-eabi/lib/thumb/v7-m/nofp/libcr_c.a(setvbuf.o)
 .ARM.attributes
                0x0000013b       0x2d /usr/local/mcuxpressoide-25.6.136/ide/plugins/com.nxp.mcuxpresso.tools.linux_25.6.0.202501151204/tools/bin/../lib/gcc/arm-none-eabi/14.2.1/../../../../arm-none-eabi/lib/thumb/v7-m/nofp/libcr_c.a(_fdopen.o)
 .ARM.attributes
                0x00000168       0x2d /usr/local/mcuxpressoide-25.6.136/ide/plugins/com.nxp.mcuxpresso.tools.linux_25.6.0.202501151204/tools/bin/../lib/gcc/arm-none-eabi/14.2.1/../../../../arm-none-eabi/lib/thumb/v7-m/nofp/libcr_c.a(fclose.o)
 .ARM.attributes
                0x00000195       0x2d /usr/local/mcuxpressoide-25.6.136/ide/plugins/com.nxp.mcuxpresso.tools.linux_25.6.0.202501151204/tools/bin/../lib/gcc/arm-none-eabi/14.2.1/../../../../arm-none-eabi/lib/thumb/v7-m/nofp/libcr_c.a(fflush.o)
 .ARM.attributes
                0x000001c2       0x2d /usr/local/mcuxpressoide-25.6.136/ide/plugins/com.nxp.mcuxpresso.tools.linux_25.6.0.202501151204/tools/bin/../lib/gcc/arm-none-eabi/14.2.1/../../../../arm-none-eabi/lib/thumb/v7-m/nofp/libcr_c.a(fseek.o)
 .ARM.attributes
                0x000001ef       0x2d /usr/local/mcuxpressoide-25.6.136/ide/plugins/com.nxp.mcuxpresso.tools.linux_25.6.0.202501151204/tools/bin/../lib/gcc/arm-none-eabi/14.2.1/../../../../arm-none-eabi/lib/thumb/v7-m/nofp/libcr_c.a(ftell.o)
 .ARM.attributes
                0x0000021c       0x2d /usr/local/mcuxpressoide-25.6.136/ide/plugins/com.nxp.mcuxpresso.tools.linux_25.6.0.202501151204/tools/bin/../lib/gcc/arm-none-eabi/14.2.1/../../../../arm-none-eabi/lib/thumb/v7-m/nofp/libcr_c.a(remove.o)
 .ARM.attributes
                0x00000249       0x2d /usr/local/mcuxpressoide-25.6.136/ide/plugins/com.nxp.mcuxpresso.tools.linux_25.6.0.202501151204/tools/bin/../lib/gcc/arm-none-eabi/14.2.1/../../../../arm-none-eabi/lib/thumb/v7-m/nofp/libcr_c.a(strlen.o)
 .ARM.attributes
                0x00000276       0x2d /usr/local/mcuxpressoide-25.6.136/ide/plugins/com.nxp.mcuxpresso.tools.linux_25.6.0.202501151204/tools/bin/../lib/gcc/arm-none-eabi/14.2.1/../../../../arm-none-eabi/lib/thumb/v7-m/nofp/libcr_c.a(memset.o)
 .ARM.attributes
                0x000002a3       0x2d /usr/local/mcuxpressoide-25.6.136/ide/plugins/com.nxp.mcuxpresso.tools.linux_25.6.0.202501151204/tools/bin/../lib/gcc/arm-none-eabi/14.2.1/../../../../arm-none-eabi/lib/thumb/v7-m/nofp/libcr_c.a(_do_fflush.o)
 .ARM.attributes
                0x000002d0       0x2d /usr/local/mcuxpressoide-25.6.136/ide/plugins/com.nxp.mcuxpresso.tools.linux_25.6.0.202501151204/tools/bin/../lib/gcc/arm-none-eabi/14.2.1/../../../../arm-none-eabi/lib/thumb/v7-m/nofp/libcr_c.a(_fflush.o)
 .ARM.attributes
                0x000002fd       0x2d /usr/local/mcuxpressoide-25.6.136/ide/plugins/com.nxp.mcuxpresso.tools.linux_25.6.0.202501151204/tools/bin/../lib/gcc/arm-none-eabi/14.2.1/../../../../arm-none-eabi/lib/thumb/v7-m/nofp/libcr_c.a(_writebuf.o)
 .ARM.attributes
                0x0000032a       0x2d /usr/local/mcuxpressoide-25.6.136/ide/plugins/com.nxp.mcuxpresso.tools.linux_25.6.0.202501151204/tools/bin/../lib/gcc/arm-none-eabi/14.2.1/../../../../arm-none-eabi/lib/thumb/v7-m/nofp/libcr_c.a(alloc.o)
 .ARM.attributes
                0x00000357       0x2d /usr/local/mcuxpressoide-25.6.136/ide/plugins/com.nxp.mcuxpresso.tools.linux_25.6.0.202501151204/tools/bin/../lib/gcc/arm-none-eabi/14.2.1/../../../../arm-none-eabi/lib/thumb/v7-m/nofp/libcr_c.a(errno.o)
 .ARM.attributes
                0x00000384       0x2d /usr/local/mcuxpressoide-25.6.136/ide/plugins/com.nxp.mcuxpresso.tools.linux_25.6.0.202501151204/tools/bin/../lib/gcc/arm-none-eabi/14.2.1/../../../../arm-none-eabi/lib/thumb/v7-m/nofp/libcr_c.a(_deferredlazyseek.o)
 .ARM.attributes
                0x000003b1       0x1b /usr/local/mcuxpressoide-25.6.136/ide/plugins/com.nxp.mcuxpresso.tools.linux_25.6.0.202501151204/tools/bin/../lib/gcc/arm-none-eabi/14.2.1/thumb/v7-m/nofp/libcr_eabihelpers.a(memcpy.o)
 .ARM.attributes
                0x000003cc       0x2d /usr/local/mcuxpressoide-25.6.136/ide/plugins/com.nxp.mcuxpresso.tools.linux_25.6.0.202501151204/tools/bin/../lib/gcc/arm-none-eabi/14.2.1/../../../../arm-none-eabi/lib/thumb/v7-m/nofp/libcr_semihost.a(__ciob.o)
 .ARM.attributes
                0x000003f9       0x1b /usr/local/mcuxpressoide-25.6.136/ide/plugins/com.nxp.mcuxpresso.tools.linux_25.6.0.202501151204/tools/bin/../lib/gcc/arm-none-eabi/14.2.1/../../../../arm-none-eabi/lib/thumb/v7-m/nofp/libcr_semihost.a(__sys_close.o)
 .ARM.attributes
                0x00000414       0x1b /usr/local/mcuxpressoide-25.6.136/ide/plugins/com.nxp.mcuxpresso.tools.linux_25.6.0.202501151204/tools/bin/../lib/gcc/arm-none-eabi/14.2.1/../../../../arm-none-eabi/lib/thumb/v7-m/nofp/libcr_semihost.a(__sys_flen.o)
 .ARM.attributes
                0x0000042f       0x1b /usr/local/mcuxpressoide-25.6.136/ide/plugins/com.nxp.mcuxpresso.tools.linux_25.6.0.202501151204/tools/bin/../lib/gcc/arm-none-eabi/14.2.1/../../../../arm-none-eabi/lib/thumb/v7-m/nofp/libcr_semihost.a(__sys_istty.o)
 .ARM.attributes
                0x0000044a       0x1b /usr/local/mcuxpressoide-25.6.136/ide/plugins/com.nxp.mcuxpresso.tools.linux_25.6.0.202501151204/tools/bin/../lib/gcc/arm-none-eabi/14.2.1/../../../../arm-none-eabi/lib/thumb/v7-m/nofp/libcr_semihost.a(__sys_remove.o)
 .ARM.attributes
                0x00000465       0x1b /usr/local/mcuxpressoide-25.6.136/ide/plugins/com.nxp.mcuxpresso.tools.linux_25.6.0.202501151204/tools/bin/../lib/gcc/arm-none-eabi/14.2.1/../../../../arm-none-eabi/lib/thumb/v7-m/nofp/libcr_semihost.a(__sys_seek.o)
 .ARM.attributes
                0x00000480       0x1b /usr/local/mcuxpressoide-25.6.136/ide/plugins/com.nxp.mcuxpresso.tools.linux_25.6.0.202501151204/tools/bin/../lib/gcc/arm-none-eabi/14.2.1/../../../../arm-none-eabi/lib/thumb/v7-m/nofp/libcr_semihost.a(__sys_tmpnam.o)
 .ARM.attributes
                0x0000049b       0x1b /usr/local/mcuxpressoide-25.6.136/ide/plugins/com.nxp.mcuxpresso.tools.linux_25.6.0.202501151204/tools/bin/../lib/gcc/arm-none-eabi/14.2.1/../../../../arm-none-eabi/lib/thumb/v7-m/nofp/libcr_semihost.a(__sys_write.o)

.debug_frame    0x00000000      0x5d0
 .debug_frame   0x00000000       0x6c ./src/clase_26-3.o
 .debug_frame   0x0000006c      0x170 ./src/cr_startup_lpc175x_6x.o
 .debug_frame   0x000001dc       0x64 /home/aaron4500/Documentos/MCUXpresso_25.6.136/CMSISv2p00_LPC17xx/Debug/libCMSISv2p00_LPC17xx.a(system_LPC17xx.o)
 .debug_frame   0x00000240       0x2c /usr/local/mcuxpressoide-25.6.136/ide/plugins/com.nxp.mcuxpresso.tools.linux_25.6.0.202501151204/tools/bin/../lib/gcc/arm-none-eabi/14.2.1/../../../../arm-none-eabi/lib/thumb/v7-m/nofp/libcr_semihost.a(_cr__main.o)
 .debug_frame   0x0000026c       0x58 /usr/local/mcuxpressoide-25.6.136/ide/plugins/com.nxp.mcuxpresso.tools.linux_25.6.0.202501151204/tools/bin/../lib/gcc/arm-none-eabi/14.2.1/../../../../arm-none-eabi/lib/thumb/v7-m/nofp/libcr_c.a(initio.o)
 .debug_frame   0x000002c4       0x2c /usr/local/mcuxpressoide-25.6.136/ide/plugins/com.nxp.mcuxpresso.tools.linux_25.6.0.202501151204/tools/bin/../lib/gcc/arm-none-eabi/14.2.1/../../../../arm-none-eabi/lib/thumb/v7-m/nofp/libcr_c.a(setvbuf.o)
 .debug_frame   0x000002f0       0x2c /usr/local/mcuxpressoide-25.6.136/ide/plugins/com.nxp.mcuxpresso.tools.linux_25.6.0.202501151204/tools/bin/../lib/gcc/arm-none-eabi/14.2.1/../../../../arm-none-eabi/lib/thumb/v7-m/nofp/libcr_c.a(_fdopen.o)
 .debug_frame   0x0000031c       0x38 /usr/local/mcuxpressoide-25.6.136/ide/plugins/com.nxp.mcuxpresso.tools.linux_25.6.0.202501151204/tools/bin/../lib/gcc/arm-none-eabi/14.2.1/../../../../arm-none-eabi/lib/thumb/v7-m/nofp/libcr_c.a(fclose.o)
 .debug_frame   0x00000354       0x3c /usr/local/mcuxpressoide-25.6.136/ide/plugins/com.nxp.mcuxpresso.tools.linux_25.6.0.202501151204/tools/bin/../lib/gcc/arm-none-eabi/14.2.1/../../../../arm-none-eabi/lib/thumb/v7-m/nofp/libcr_c.a(fflush.o)
 .debug_frame   0x00000390       0x34 /usr/local/mcuxpressoide-25.6.136/ide/plugins/com.nxp.mcuxpresso.tools.linux_25.6.0.202501151204/tools/bin/../lib/gcc/arm-none-eabi/14.2.1/../../../../arm-none-eabi/lib/thumb/v7-m/nofp/libcr_c.a(fseek.o)
 .debug_frame   0x000003c4       0x20 /usr/local/mcuxpressoide-25.6.136/ide/plugins/com.nxp.mcuxpresso.tools.linux_25.6.0.202501151204/tools/bin/../lib/gcc/arm-none-eabi/14.2.1/../../../../arm-none-eabi/lib/thumb/v7-m/nofp/libcr_c.a(ftell.o)
 .debug_frame   0x000003e4       0x48 /usr/local/mcuxpressoide-25.6.136/ide/plugins/com.nxp.mcuxpresso.tools.linux_25.6.0.202501151204/tools/bin/../lib/gcc/arm-none-eabi/14.2.1/../../../../arm-none-eabi/lib/thumb/v7-m/nofp/libcr_c.a(remove.o)
 .debug_frame   0x0000042c       0x28 /usr/local/mcuxpressoide-25.6.136/ide/plugins/com.nxp.mcuxpresso.tools.linux_25.6.0.202501151204/tools/bin/../lib/gcc/arm-none-eabi/14.2.1/../../../../arm-none-eabi/lib/thumb/v7-m/nofp/libcr_c.a(strlen.o)
 .debug_frame   0x00000454       0x20 /usr/local/mcuxpressoide-25.6.136/ide/plugins/com.nxp.mcuxpresso.tools.linux_25.6.0.202501151204/tools/bin/../lib/gcc/arm-none-eabi/14.2.1/../../../../arm-none-eabi/lib/thumb/v7-m/nofp/libcr_c.a(memset.o)
 .debug_frame   0x00000474       0x2c /usr/local/mcuxpressoide-25.6.136/ide/plugins/com.nxp.mcuxpresso.tools.linux_25.6.0.202501151204/tools/bin/../lib/gcc/arm-none-eabi/14.2.1/../../../../arm-none-eabi/lib/thumb/v7-m/nofp/libcr_c.a(_do_fflush.o)
 .debug_frame   0x000004a0       0x2c /usr/local/mcuxpressoide-25.6.136/ide/plugins/com.nxp.mcuxpresso.tools.linux_25.6.0.202501151204/tools/bin/../lib/gcc/arm-none-eabi/14.2.1/../../../../arm-none-eabi/lib/thumb/v7-m/nofp/libcr_c.a(_fflush.o)
 .debug_frame   0x000004cc       0x30 /usr/local/mcuxpressoide-25.6.136/ide/plugins/com.nxp.mcuxpresso.tools.linux_25.6.0.202501151204/tools/bin/../lib/gcc/arm-none-eabi/14.2.1/../../../../arm-none-eabi/lib/thumb/v7-m/nofp/libcr_c.a(_writebuf.o)
 .debug_frame   0x000004fc       0x90 /usr/local/mcuxpressoide-25.6.136/ide/plugins/com.nxp.mcuxpresso.tools.linux_25.6.0.202501151204/tools/bin/../lib/gcc/arm-none-eabi/14.2.1/../../../../arm-none-eabi/lib/thumb/v7-m/nofp/libcr_c.a(alloc.o)
 .debug_frame   0x0000058c       0x44 /usr/local/mcuxpressoide-25.6.136/ide/plugins/com.nxp.mcuxpresso.tools.linux_25.6.0.202501151204/tools/bin/../lib/gcc/arm-none-eabi/14.2.1/../../../../arm-none-eabi/lib/thumb/v7-m/nofp/libcr_c.a(_deferredlazyseek.o)

.debug_loc      0x00000000     0x1596
 .debug_loc     0x00000000       0x68 /usr/local/mcuxpressoide-25.6.136/ide/plugins/com.nxp.mcuxpresso.tools.linux_25.6.0.202501151204/tools/bin/../lib/gcc/arm-none-eabi/14.2.1/../../../../arm-none-eabi/lib/thumb/v7-m/nofp/libcr_c.a(initio.o)
 .debug_loc     0x00000068      0x11e /usr/local/mcuxpressoide-25.6.136/ide/plugins/com.nxp.mcuxpresso.tools.linux_25.6.0.202501151204/tools/bin/../lib/gcc/arm-none-eabi/14.2.1/../../../../arm-none-eabi/lib/thumb/v7-m/nofp/libcr_c.a(setvbuf.o)
 .debug_loc     0x00000186      0x12d /usr/local/mcuxpressoide-25.6.136/ide/plugins/com.nxp.mcuxpresso.tools.linux_25.6.0.202501151204/tools/bin/../lib/gcc/arm-none-eabi/14.2.1/../../../../arm-none-eabi/lib/thumb/v7-m/nofp/libcr_c.a(_fdopen.o)
 .debug_loc     0x000002b3       0xc2 /usr/local/mcuxpressoide-25.6.136/ide/plugins/com.nxp.mcuxpresso.tools.linux_25.6.0.202501151204/tools/bin/../lib/gcc/arm-none-eabi/14.2.1/../../../../arm-none-eabi/lib/thumb/v7-m/nofp/libcr_c.a(fclose.o)
 .debug_loc     0x00000375       0xae /usr/local/mcuxpressoide-25.6.136/ide/plugins/com.nxp.mcuxpresso.tools.linux_25.6.0.202501151204/tools/bin/../lib/gcc/arm-none-eabi/14.2.1/../../../../arm-none-eabi/lib/thumb/v7-m/nofp/libcr_c.a(fflush.o)
 .debug_loc     0x00000423       0xfd /usr/local/mcuxpressoide-25.6.136/ide/plugins/com.nxp.mcuxpresso.tools.linux_25.6.0.202501151204/tools/bin/../lib/gcc/arm-none-eabi/14.2.1/../../../../arm-none-eabi/lib/thumb/v7-m/nofp/libcr_c.a(fseek.o)
 .debug_loc     0x00000520       0xb7 /usr/local/mcuxpressoide-25.6.136/ide/plugins/com.nxp.mcuxpresso.tools.linux_25.6.0.202501151204/tools/bin/../lib/gcc/arm-none-eabi/14.2.1/../../../../arm-none-eabi/lib/thumb/v7-m/nofp/libcr_c.a(ftell.o)
 .debug_loc     0x000005d7       0xcd /usr/local/mcuxpressoide-25.6.136/ide/plugins/com.nxp.mcuxpresso.tools.linux_25.6.0.202501151204/tools/bin/../lib/gcc/arm-none-eabi/14.2.1/../../../../arm-none-eabi/lib/thumb/v7-m/nofp/libcr_c.a(remove.o)
 .debug_loc     0x000006a4       0xf0 /usr/local/mcuxpressoide-25.6.136/ide/plugins/com.nxp.mcuxpresso.tools.linux_25.6.0.202501151204/tools/bin/../lib/gcc/arm-none-eabi/14.2.1/../../../../arm-none-eabi/lib/thumb/v7-m/nofp/libcr_c.a(strlen.o)
 .debug_loc     0x00000794       0x81 /usr/local/mcuxpressoide-25.6.136/ide/plugins/com.nxp.mcuxpresso.tools.linux_25.6.0.202501151204/tools/bin/../lib/gcc/arm-none-eabi/14.2.1/../../../../arm-none-eabi/lib/thumb/v7-m/nofp/libcr_c.a(memset.o)
 .debug_loc     0x00000815       0x73 /usr/local/mcuxpressoide-25.6.136/ide/plugins/com.nxp.mcuxpresso.tools.linux_25.6.0.202501151204/tools/bin/../lib/gcc/arm-none-eabi/14.2.1/../../../../arm-none-eabi/lib/thumb/v7-m/nofp/libcr_c.a(_do_fflush.o)
 .debug_loc     0x00000888       0xfa /usr/local/mcuxpressoide-25.6.136/ide/plugins/com.nxp.mcuxpresso.tools.linux_25.6.0.202501151204/tools/bin/../lib/gcc/arm-none-eabi/14.2.1/../../../../arm-none-eabi/lib/thumb/v7-m/nofp/libcr_c.a(_fflush.o)
 .debug_loc     0x00000982      0x15a /usr/local/mcuxpressoide-25.6.136/ide/plugins/com.nxp.mcuxpresso.tools.linux_25.6.0.202501151204/tools/bin/../lib/gcc/arm-none-eabi/14.2.1/../../../../arm-none-eabi/lib/thumb/v7-m/nofp/libcr_c.a(_writebuf.o)
 .debug_loc     0x00000adc      0x8a8 /usr/local/mcuxpressoide-25.6.136/ide/plugins/com.nxp.mcuxpresso.tools.linux_25.6.0.202501151204/tools/bin/../lib/gcc/arm-none-eabi/14.2.1/../../../../arm-none-eabi/lib/thumb/v7-m/nofp/libcr_c.a(alloc.o)
 .debug_loc     0x00001384      0x212 /usr/local/mcuxpressoide-25.6.136/ide/plugins/com.nxp.mcuxpresso.tools.linux_25.6.0.202501151204/tools/bin/../lib/gcc/arm-none-eabi/14.2.1/../../../../arm-none-eabi/lib/thumb/v7-m/nofp/libcr_c.a(_deferredlazyseek.o)

Cross Reference Table

Symbol                                            File
ADC_IRQHandler                                    ./src/cr_startup_lpc175x_6x.o
BOD_IRQHandler                                    ./src/cr_startup_lpc175x_6x.o
BusFault_Handler                                  ./src/cr_startup_lpc175x_6x.o
CANActivity_IRQHandler                            ./src/cr_startup_lpc175x_6x.o
CAN_IRQHandler                                    ./src/cr_startup_lpc175x_6x.o
CRP_WORD                                          ./src/crp.o
DMA_IRQHandler                                    ./src/cr_startup_lpc175x_6x.o
DebugMon_Handler                                  ./src/cr_startup_lpc175x_6x.o
EINT0_IRQHandler                                  ./src/cr_startup_lpc175x_6x.o
EINT1_IRQHandler                                  ./src/cr_startup_lpc175x_6x.o
EINT2_IRQHandler                                  ./src/cr_startup_lpc175x_6x.o
EINT3_IRQHandler                                  ./src/cr_startup_lpc175x_6x.o
ENET_IRQHandler                                   ./src/cr_startup_lpc175x_6x.o
HardFault_Handler                                 ./src/cr_startup_lpc175x_6x.o
I2C0_IRQHandler                                   ./src/cr_startup_lpc175x_6x.o
I2C1_IRQHandler                                   ./src/cr_startup_lpc175x_6x.o
I2C2_IRQHandler                                   ./src/cr_startup_lpc175x_6x.o
I2S_IRQHandler                                    ./src/cr_startup_lpc175x_6x.o
IntDefaultHandler                                 ./src/cr_startup_lpc175x_6x.o
MCPWM_IRQHandler                                  ./src/cr_startup_lpc175x_6x.o
MemManage_Handler                                 ./src/cr_startup_lpc175x_6x.o
NMI_Handler                                       ./src/cr_startup_lpc175x_6x.o
PLL0_IRQHandler                                   ./src/cr_startup_lpc175x_6x.o
PLL1_IRQHandler                                   ./src/cr_startup_lpc175x_6x.o
PWM1_IRQHandler                                   ./src/cr_startup_lpc175x_6x.o
PendSV_Handler                                    ./src/cr_startup_lpc175x_6x.o
QEI_IRQHandler                                    ./src/cr_startup_lpc175x_6x.o
RIT_IRQHandler                                    ./src/cr_startup_lpc175x_6x.o
RTC_IRQHandler                                    ./src/cr_startup_lpc175x_6x.o
ResetISR                                          ./src/cr_startup_lpc175x_6x.o
SPI_IRQHandler                                    ./src/cr_startup_lpc175x_6x.o
SSP0_IRQHandler                                   ./src/cr_startup_lpc175x_6x.o
SSP1_IRQHandler                                   ./src/cr_startup_lpc175x_6x.o
SVC_Handler                                       ./src/cr_startup_lpc175x_6x.o
SysTick_Handler                                   ./src/clase_26-3.o
SystemCoreClock                                   /home/aaron4500/Documentos/MCUXpresso_25.6.136/CMSISv2p00_LPC17xx/Debug/libCMSISv2p00_LPC17xx.a(system_LPC17xx.o)
SystemCoreClockUpdate                             /home/aaron4500/Documentos/MCUXpresso_25.6.136/CMSISv2p00_LPC17xx/Debug/libCMSISv2p00_LPC17xx.a(system_LPC17xx.o)
SystemInit                                        /home/aaron4500/Documentos/MCUXpresso_25.6.136/CMSISv2p00_LPC17xx/Debug/libCMSISv2p00_LPC17xx.a(system_LPC17xx.o)
                                                  ./src/cr_startup_lpc175x_6x.o
TIMER0_IRQHandler                                 ./src/cr_startup_lpc175x_6x.o
TIMER1_IRQHandler                                 ./src/cr_startup_lpc175x_6x.o
TIMER2_IRQHandler                                 ./src/cr_startup_lpc175x_6x.o
TIMER3_IRQHandler                                 ./src/cr_startup_lpc175x_6x.o
UART0_IRQHandler                                  ./src/cr_startup_lpc175x_6x.o
UART1_IRQHandler                                  ./src/cr_startup_lpc175x_6x.o
UART2_IRQHandler                                  ./src/cr_startup_lpc175x_6x.o
UART3_IRQHandler                                  ./src/cr_startup_lpc175x_6x.o
USBActivity_IRQHandler                            ./src/cr_startup_lpc175x_6x.o
USB_IRQHandler                                    ./src/cr_startup_lpc175x_6x.o
UsageFault_Handler                                ./src/cr_startup_lpc175x_6x.o
WDT_IRQHandler                                    ./src/cr_startup_lpc175x_6x.o
_Csys_alloc                                       /usr/local/mcuxpressoide-25.6.136/ide/plugins/com.nxp.mcuxpresso.tools.linux_25.6.0.202501151204/tools/bin/../lib/gcc/arm-none-eabi/14.2.1/../../../../arm-none-eabi/lib/thumb/v7-m/nofp/libcr_c.a(alloc.o)
                                                  /usr/local/mcuxpressoide-25.6.136/ide/plugins/com.nxp.mcuxpresso.tools.linux_25.6.0.202501151204/tools/bin/../lib/gcc/arm-none-eabi/14.2.1/../../../../arm-none-eabi/lib/thumb/v7-m/nofp/libcr_c.a(_deferredlazyseek.o)
_Cwritebuf                                        /usr/local/mcuxpressoide-25.6.136/ide/plugins/com.nxp.mcuxpresso.tools.linux_25.6.0.202501151204/tools/bin/../lib/gcc/arm-none-eabi/14.2.1/../../../../arm-none-eabi/lib/thumb/v7-m/nofp/libcr_c.a(_writebuf.o)
                                                  /usr/local/mcuxpressoide-25.6.136/ide/plugins/com.nxp.mcuxpresso.tools.linux_25.6.0.202501151204/tools/bin/../lib/gcc/arm-none-eabi/14.2.1/../../../../arm-none-eabi/lib/thumb/v7-m/nofp/libcr_c.a(_deferredlazyseek.o)
                                                  /usr/local/mcuxpressoide-25.6.136/ide/plugins/com.nxp.mcuxpresso.tools.linux_25.6.0.202501151204/tools/bin/../lib/gcc/arm-none-eabi/14.2.1/../../../../arm-none-eabi/lib/thumb/v7-m/nofp/libcr_c.a(_fflush.o)
__CR_SEMIHOST                                     /usr/local/mcuxpressoide-25.6.136/ide/plugins/com.nxp.mcuxpresso.tools.linux_25.6.0.202501151204/tools/bin/../lib/gcc/arm-none-eabi/14.2.1/../../../../arm-none-eabi/lib/thumb/v7-m/nofp/libcr_semihost.a(_cr__main.o)
__Ciob                                            /usr/local/mcuxpressoide-25.6.136/ide/plugins/com.nxp.mcuxpresso.tools.linux_25.6.0.202501151204/tools/bin/../lib/gcc/arm-none-eabi/14.2.1/../../../../arm-none-eabi/lib/thumb/v7-m/nofp/libcr_semihost.a(__ciob.o)
                                                  /usr/local/mcuxpressoide-25.6.136/ide/plugins/com.nxp.mcuxpresso.tools.linux_25.6.0.202501151204/tools/bin/../lib/gcc/arm-none-eabi/14.2.1/../../../../arm-none-eabi/lib/thumb/v7-m/nofp/libcr_c.a(fflush.o)
                                                  /usr/local/mcuxpressoide-25.6.136/ide/plugins/com.nxp.mcuxpresso.tools.linux_25.6.0.202501151204/tools/bin/../lib/gcc/arm-none-eabi/14.2.1/../../../../arm-none-eabi/lib/thumb/v7-m/nofp/libcr_c.a(initio.o)
__aeabi_idiv0                                     /usr/local/mcuxpressoide-25.6.136/ide/plugins/com.nxp.mcuxpresso.tools.linux_25.6.0.202501151204/tools/bin/../lib/gcc/arm-none-eabi/14.2.1/thumb/v7-m/nofp/libcr_eabihelpers.a(division_idiv0.o)
                                                  /usr/local/mcuxpressoide-25.6.136/ide/plugins/com.nxp.mcuxpresso.tools.linux_25.6.0.202501151204/tools/bin/../lib/gcc/arm-none-eabi/14.2.1/thumb/v7-m/nofp/libcr_eabihelpers.a(division_64.o)
__aeabi_ldivmod                                   /usr/local/mcuxpressoide-25.6.136/ide/plugins/com.nxp.mcuxpresso.tools.linux_25.6.0.202501151204/tools/bin/../lib/gcc/arm-none-eabi/14.2.1/thumb/v7-m/nofp/libcr_eabihelpers.a(division_64.o)
__aeabi_lowlevel_memset                           /usr/local/mcuxpressoide-25.6.136/ide/plugins/com.nxp.mcuxpresso.tools.linux_25.6.0.202501151204/tools/bin/../lib/gcc/arm-none-eabi/14.2.1/thumb/v7-m/nofp/libcr_eabihelpers.a(memcpy.o)
                                                  /usr/local/mcuxpressoide-25.6.136/ide/plugins/com.nxp.mcuxpresso.tools.linux_25.6.0.202501151204/tools/bin/../lib/gcc/arm-none-eabi/14.2.1/../../../../arm-none-eabi/lib/thumb/v7-m/nofp/libcr_c.a(memset.o)
__aeabi_memclr                                    /usr/local/mcuxpressoide-25.6.136/ide/plugins/com.nxp.mcuxpresso.tools.linux_25.6.0.202501151204/tools/bin/../lib/gcc/arm-none-eabi/14.2.1/thumb/v7-m/nofp/libcr_eabihelpers.a(memcpy.o)
__aeabi_memclr4                                   /usr/local/mcuxpressoide-25.6.136/ide/plugins/com.nxp.mcuxpresso.tools.linux_25.6.0.202501151204/tools/bin/../lib/gcc/arm-none-eabi/14.2.1/thumb/v7-m/nofp/libcr_eabihelpers.a(memcpy.o)
__aeabi_memclr8                                   /usr/local/mcuxpressoide-25.6.136/ide/plugins/com.nxp.mcuxpresso.tools.linux_25.6.0.202501151204/tools/bin/../lib/gcc/arm-none-eabi/14.2.1/thumb/v7-m/nofp/libcr_eabihelpers.a(memcpy.o)
__aeabi_memcpy                                    /usr/local/mcuxpressoide-25.6.136/ide/plugins/com.nxp.mcuxpresso.tools.linux_25.6.0.202501151204/tools/bin/../lib/gcc/arm-none-eabi/14.2.1/thumb/v7-m/nofp/libcr_eabihelpers.a(memcpy.o)
                                                  /usr/local/mcuxpressoide-25.6.136/ide/plugins/com.nxp.mcuxpresso.tools.linux_25.6.0.202501151204/tools/bin/../lib/gcc/arm-none-eabi/14.2.1/../../../../arm-none-eabi/lib/thumb/v7-m/nofp/libcr_c.a(memcpy.o)
__aeabi_memcpy4                                   /usr/local/mcuxpressoide-25.6.136/ide/plugins/com.nxp.mcuxpresso.tools.linux_25.6.0.202501151204/tools/bin/../lib/gcc/arm-none-eabi/14.2.1/thumb/v7-m/nofp/libcr_eabihelpers.a(memcpy.o)
__aeabi_memcpy8                                   /usr/local/mcuxpressoide-25.6.136/ide/plugins/com.nxp.mcuxpresso.tools.linux_25.6.0.202501151204/tools/bin/../lib/gcc/arm-none-eabi/14.2.1/thumb/v7-m/nofp/libcr_eabihelpers.a(memcpy.o)
__aeabi_memmove                                   /usr/local/mcuxpressoide-25.6.136/ide/plugins/com.nxp.mcuxpresso.tools.linux_25.6.0.202501151204/tools/bin/../lib/gcc/arm-none-eabi/14.2.1/thumb/v7-m/nofp/libcr_eabihelpers.a(memcpy.o)
__aeabi_memmove4                                  /usr/local/mcuxpressoide-25.6.136/ide/plugins/com.nxp.mcuxpresso.tools.linux_25.6.0.202501151204/tools/bin/../lib/gcc/arm-none-eabi/14.2.1/thumb/v7-m/nofp/libcr_eabihelpers.a(memcpy.o)
__aeabi_memmove8                                  /usr/local/mcuxpressoide-25.6.136/ide/plugins/com.nxp.mcuxpresso.tools.linux_25.6.0.202501151204/tools/bin/../lib/gcc/arm-none-eabi/14.2.1/thumb/v7-m/nofp/libcr_eabihelpers.a(memcpy.o)
__aeabi_memset                                    /usr/local/mcuxpressoide-25.6.136/ide/plugins/com.nxp.mcuxpresso.tools.linux_25.6.0.202501151204/tools/bin/../lib/gcc/arm-none-eabi/14.2.1/thumb/v7-m/nofp/libcr_eabihelpers.a(memcpy.o)
__aeabi_memset4                                   /usr/local/mcuxpressoide-25.6.136/ide/plugins/com.nxp.mcuxpresso.tools.linux_25.6.0.202501151204/tools/bin/../lib/gcc/arm-none-eabi/14.2.1/thumb/v7-m/nofp/libcr_eabihelpers.a(memcpy.o)
__aeabi_memset8                                   /usr/local/mcuxpressoide-25.6.136/ide/plugins/com.nxp.mcuxpresso.tools.linux_25.6.0.202501151204/tools/bin/../lib/gcc/arm-none-eabi/14.2.1/thumb/v7-m/nofp/libcr_eabihelpers.a(memcpy.o)
__aeabi_uldivmod                                  /usr/local/mcuxpressoide-25.6.136/ide/plugins/com.nxp.mcuxpresso.tools.linux_25.6.0.202501151204/tools/bin/../lib/gcc/arm-none-eabi/14.2.1/thumb/v7-m/nofp/libcr_eabihelpers.a(division_64.o)
                                                  /home/aaron4500/Documentos/MCUXpresso_25.6.136/CMSISv2p00_LPC17xx/Debug/libCMSISv2p00_LPC17xx.a(system_LPC17xx.o)
__bhs_ldivmod1                                    /usr/local/mcuxpressoide-25.6.136/ide/plugins/com.nxp.mcuxpresso.tools.linux_25.6.0.202501151204/tools/bin/../lib/gcc/arm-none-eabi/14.2.1/thumb/v7-m/nofp/libcr_eabihelpers.a(division_64.o)
__bss_section_table_end                           ./src/cr_startup_lpc175x_6x.o
__check_heap_overflow                             /usr/local/mcuxpressoide-25.6.136/ide/plugins/com.nxp.mcuxpresso.tools.linux_25.6.0.202501151204/tools/bin/../lib/gcc/arm-none-eabi/14.2.1/../../../../arm-none-eabi/lib/thumb/v7-m/nofp/libcr_c.a(_cr_check_heap.o)
                                                  /usr/local/mcuxpressoide-25.6.136/ide/plugins/com.nxp.mcuxpresso.tools.linux_25.6.0.202501151204/tools/bin/../lib/gcc/arm-none-eabi/14.2.1/../../../../arm-none-eabi/lib/thumb/v7-m/nofp/libcr_c.a(_cr_sbrk.o)
__data_section_table                              ./src/cr_startup_lpc175x_6x.o
__data_section_table_end                          ./src/cr_startup_lpc175x_6x.o
__end_of_heap                                     /usr/local/mcuxpressoide-25.6.136/ide/plugins/com.nxp.mcuxpresso.tools.linux_25.6.0.202501151204/tools/bin/../lib/gcc/arm-none-eabi/14.2.1/../../../../arm-none-eabi/lib/thumb/v7-m/nofp/libcr_c.a(__init_alloc.o)
                                                  /usr/local/mcuxpressoide-25.6.136/ide/plugins/com.nxp.mcuxpresso.tools.linux_25.6.0.202501151204/tools/bin/../lib/gcc/arm-none-eabi/14.2.1/../../../../arm-none-eabi/lib/thumb/v7-m/nofp/libcr_c.a(_cr_sbrk.o)
__exit                                            /usr/local/mcuxpressoide-25.6.136/ide/plugins/com.nxp.mcuxpresso.tools.linux_25.6.0.202501151204/tools/bin/../lib/gcc/arm-none-eabi/14.2.1/../../../../arm-none-eabi/lib/thumb/v7-m/nofp/libcr_semihost.a(__sys_appexit.o)
__flsbuf                                          /usr/local/mcuxpressoide-25.6.136/ide/plugins/com.nxp.mcuxpresso.tools.linux_25.6.0.202501151204/tools/bin/../lib/gcc/arm-none-eabi/14.2.1/../../../../arm-none-eabi/lib/thumb/v7-m/nofp/libcr_c.a(_deferredlazyseek.o)
__heaps                                           /usr/local/mcuxpressoide-25.6.136/ide/plugins/com.nxp.mcuxpresso.tools.linux_25.6.0.202501151204/tools/bin/../lib/gcc/arm-none-eabi/14.2.1/../../../../arm-none-eabi/lib/thumb/v7-m/nofp/libcr_c.a(__init_alloc.o)
                                                  /usr/local/mcuxpressoide-25.6.136/ide/plugins/com.nxp.mcuxpresso.tools.linux_25.6.0.202501151204/tools/bin/../lib/gcc/arm-none-eabi/14.2.1/../../../../arm-none-eabi/lib/thumb/v7-m/nofp/libcr_c.a(alloc.o)
__main                                            /usr/local/mcuxpressoide-25.6.136/ide/plugins/com.nxp.mcuxpresso.tools.linux_25.6.0.202501151204/tools/bin/../lib/gcc/arm-none-eabi/14.2.1/../../../../arm-none-eabi/lib/thumb/v7-m/nofp/libcr_semihost.a(_cr__main.o)
                                                  ./src/cr_startup_lpc175x_6x.o
__num_Ciob_streams                                /usr/local/mcuxpressoide-25.6.136/ide/plugins/com.nxp.mcuxpresso.tools.linux_25.6.0.202501151204/tools/bin/../lib/gcc/arm-none-eabi/14.2.1/../../../../arm-none-eabi/lib/thumb/v7-m/nofp/libcr_semihost.a(__ciob.o)
                                                  /usr/local/mcuxpressoide-25.6.136/ide/plugins/com.nxp.mcuxpresso.tools.linux_25.6.0.202501151204/tools/bin/../lib/gcc/arm-none-eabi/14.2.1/../../../../arm-none-eabi/lib/thumb/v7-m/nofp/libcr_c.a(fflush.o)
                                                  /usr/local/mcuxpressoide-25.6.136/ide/plugins/com.nxp.mcuxpresso.tools.linux_25.6.0.202501151204/tools/bin/../lib/gcc/arm-none-eabi/14.2.1/../../../../arm-none-eabi/lib/thumb/v7-m/nofp/libcr_c.a(initio.o)
__sys_appexit                                     /usr/local/mcuxpressoide-25.6.136/ide/plugins/com.nxp.mcuxpresso.tools.linux_25.6.0.202501151204/tools/bin/../lib/gcc/arm-none-eabi/14.2.1/../../../../arm-none-eabi/lib/thumb/v7-m/nofp/libcr_semihost.a(__sys_appexit.o)
                                                  /usr/local/mcuxpressoide-25.6.136/ide/plugins/com.nxp.mcuxpresso.tools.linux_25.6.0.202501151204/tools/bin/../lib/gcc/arm-none-eabi/14.2.1/../../../../arm-none-eabi/lib/thumb/v7-m/nofp/libcr_c.a(alloc.o)
__sys_close                                       /usr/local/mcuxpressoide-25.6.136/ide/plugins/com.nxp.mcuxpresso.tools.linux_25.6.0.202501151204/tools/bin/../lib/gcc/arm-none-eabi/14.2.1/../../../../arm-none-eabi/lib/thumb/v7-m/nofp/libcr_semihost.a(__sys_close.o)
                                                  /usr/local/mcuxpressoide-25.6.136/ide/plugins/com.nxp.mcuxpresso.tools.linux_25.6.0.202501151204/tools/bin/../lib/gcc/arm-none-eabi/14.2.1/../../../../arm-none-eabi/lib/thumb/v7-m/nofp/libcr_c.a(fclose.o)
__sys_flen                                        /usr/local/mcuxpressoide-25.6.136/ide/plugins/com.nxp.mcuxpresso.tools.linux_25.6.0.202501151204/tools/bin/../lib/gcc/arm-none-eabi/14.2.1/../../../../arm-none-eabi/lib/thumb/v7-m/nofp/libcr_semihost.a(__sys_flen.o)
                                                  /usr/local/mcuxpressoide-25.6.136/ide/plugins/com.nxp.mcuxpresso.tools.linux_25.6.0.202501151204/tools/bin/../lib/gcc/arm-none-eabi/14.2.1/../../../../arm-none-eabi/lib/thumb/v7-m/nofp/libcr_c.a(_writebuf.o)
                                                  /usr/local/mcuxpressoide-25.6.136/ide/plugins/com.nxp.mcuxpresso.tools.linux_25.6.0.202501151204/tools/bin/../lib/gcc/arm-none-eabi/14.2.1/../../../../arm-none-eabi/lib/thumb/v7-m/nofp/libcr_c.a(fseek.o)
__sys_istty                                       /usr/local/mcuxpressoide-25.6.136/ide/plugins/com.nxp.mcuxpresso.tools.linux_25.6.0.202501151204/tools/bin/../lib/gcc/arm-none-eabi/14.2.1/../../../../arm-none-eabi/lib/thumb/v7-m/nofp/libcr_semihost.a(__sys_istty.o)
                                                  /usr/local/mcuxpressoide-25.6.136/ide/plugins/com.nxp.mcuxpresso.tools.linux_25.6.0.202501151204/tools/bin/../lib/gcc/arm-none-eabi/14.2.1/../../../../arm-none-eabi/lib/thumb/v7-m/nofp/libcr_c.a(_deferredlazyseek.o)
                                                  /usr/local/mcuxpressoide-25.6.136/ide/plugins/com.nxp.mcuxpresso.tools.linux_25.6.0.202501151204/tools/bin/../lib/gcc/arm-none-eabi/14.2.1/../../../../arm-none-eabi/lib/thumb/v7-m/nofp/libcr_c.a(fseek.o)
__sys_remove                                      /usr/local/mcuxpressoide-25.6.136/ide/plugins/com.nxp.mcuxpresso.tools.linux_25.6.0.202501151204/tools/bin/../lib/gcc/arm-none-eabi/14.2.1/../../../../arm-none-eabi/lib/thumb/v7-m/nofp/libcr_semihost.a(__sys_remove.o)
                                                  /usr/local/mcuxpressoide-25.6.136/ide/plugins/com.nxp.mcuxpresso.tools.linux_25.6.0.202501151204/tools/bin/../lib/gcc/arm-none-eabi/14.2.1/../../../../arm-none-eabi/lib/thumb/v7-m/nofp/libcr_c.a(remove.o)
__sys_rename                                      /usr/local/mcuxpressoide-25.6.136/ide/plugins/com.nxp.mcuxpresso.tools.linux_25.6.0.202501151204/tools/bin/../lib/gcc/arm-none-eabi/14.2.1/../../../../arm-none-eabi/lib/thumb/v7-m/nofp/libcr_semihost.a(__sys_rename.o)
                                                  /usr/local/mcuxpressoide-25.6.136/ide/plugins/com.nxp.mcuxpresso.tools.linux_25.6.0.202501151204/tools/bin/../lib/gcc/arm-none-eabi/14.2.1/../../../../arm-none-eabi/lib/thumb/v7-m/nofp/libcr_c.a(remove.o)
__sys_seek                                        /usr/local/mcuxpressoide-25.6.136/ide/plugins/com.nxp.mcuxpresso.tools.linux_25.6.0.202501151204/tools/bin/../lib/gcc/arm-none-eabi/14.2.1/../../../../arm-none-eabi/lib/thumb/v7-m/nofp/libcr_semihost.a(__sys_seek.o)
                                                  /usr/local/mcuxpressoide-25.6.136/ide/plugins/com.nxp.mcuxpresso.tools.linux_25.6.0.202501151204/tools/bin/../lib/gcc/arm-none-eabi/14.2.1/../../../../arm-none-eabi/lib/thumb/v7-m/nofp/libcr_c.a(_writebuf.o)
__sys_tmpnam                                      /usr/local/mcuxpressoide-25.6.136/ide/plugins/com.nxp.mcuxpresso.tools.linux_25.6.0.202501151204/tools/bin/../lib/gcc/arm-none-eabi/14.2.1/../../../../arm-none-eabi/lib/thumb/v7-m/nofp/libcr_semihost.a(__sys_tmpnam.o)
                                                  /usr/local/mcuxpressoide-25.6.136/ide/plugins/com.nxp.mcuxpresso.tools.linux_25.6.0.202501151204/tools/bin/../lib/gcc/arm-none-eabi/14.2.1/../../../../arm-none-eabi/lib/thumb/v7-m/nofp/libcr_c.a(fclose.o)
__sys_write                                       /usr/local/mcuxpressoide-25.6.136/ide/plugins/com.nxp.mcuxpresso.tools.linux_25.6.0.202501151204/tools/bin/../lib/gcc/arm-none-eabi/14.2.1/../../../../arm-none-eabi/lib/thumb/v7-m/nofp/libcr_semihost.a(__sys_write.o)
                                                  /usr/local/mcuxpressoide-25.6.136/ide/plugins/com.nxp.mcuxpresso.tools.linux_25.6.0.202501151204/tools/bin/../lib/gcc/arm-none-eabi/14.2.1/../../../../arm-none-eabi/lib/thumb/v7-m/nofp/libcr_c.a(alloc.o)
                                                  /usr/local/mcuxpressoide-25.6.136/ide/plugins/com.nxp.mcuxpresso.tools.linux_25.6.0.202501151204/tools/bin/../lib/gcc/arm-none-eabi/14.2.1/../../../../arm-none-eabi/lib/thumb/v7-m/nofp/libcr_c.a(_writebuf.o)
__valid_user_code_checksum                        ./src/cr_startup_lpc175x_6x.o
_deferredlazyseek                                 /usr/local/mcuxpressoide-25.6.136/ide/plugins/com.nxp.mcuxpresso.tools.linux_25.6.0.202501151204/tools/bin/../lib/gcc/arm-none-eabi/14.2.1/../../../../arm-none-eabi/lib/thumb/v7-m/nofp/libcr_c.a(_deferredlazyseek.o)
                                                  /usr/local/mcuxpressoide-25.6.136/ide/plugins/com.nxp.mcuxpresso.tools.linux_25.6.0.202501151204/tools/bin/../lib/gcc/arm-none-eabi/14.2.1/../../../../arm-none-eabi/lib/thumb/v7-m/nofp/libcr_c.a(_do_fflush.o)
_do_fflush                                        /usr/local/mcuxpressoide-25.6.136/ide/plugins/com.nxp.mcuxpresso.tools.linux_25.6.0.202501151204/tools/bin/../lib/gcc/arm-none-eabi/14.2.1/../../../../arm-none-eabi/lib/thumb/v7-m/nofp/libcr_c.a(_do_fflush.o)
                                                  /usr/local/mcuxpressoide-25.6.136/ide/plugins/com.nxp.mcuxpresso.tools.linux_25.6.0.202501151204/tools/bin/../lib/gcc/arm-none-eabi/14.2.1/../../../../arm-none-eabi/lib/thumb/v7-m/nofp/libcr_c.a(fflush.o)
_fdopen                                           /usr/local/mcuxpressoide-25.6.136/ide/plugins/com.nxp.mcuxpresso.tools.linux_25.6.0.202501151204/tools/bin/../lib/gcc/arm-none-eabi/14.2.1/../../../../arm-none-eabi/lib/thumb/v7-m/nofp/libcr_c.a(_fdopen.o)
                                                  /usr/local/mcuxpressoide-25.6.136/ide/plugins/com.nxp.mcuxpresso.tools.linux_25.6.0.202501151204/tools/bin/../lib/gcc/arm-none-eabi/14.2.1/../../../../arm-none-eabi/lib/thumb/v7-m/nofp/libcr_c.a(initio.o)
_fflush                                           /usr/local/mcuxpressoide-25.6.136/ide/plugins/com.nxp.mcuxpresso.tools.linux_25.6.0.202501151204/tools/bin/../lib/gcc/arm-none-eabi/14.2.1/../../../../arm-none-eabi/lib/thumb/v7-m/nofp/libcr_c.a(_fflush.o)